     VMA      LMA     Size Align Out     In      Symbol
       0        0       94     2 .vec
       0        0       94     2         ./src/smc_gen/r_bsp/mcu/all/start.o:(.text)
       0        0        0     1                 .L0 
       0        0        0     1                 .Ltmp0
       0        0        0     1                 $x
       0        0        0     1                 .L0 
       0        0       94     1                 _PowerON_Reset
       4        4        0     1                 .L0 
       8        8        0     1                 .Lpcrel_hi0
       8        8        0     1                 .L0 
      10       10        0     1                 .L0 
      12       12        0     1                 .L0 
      16       16        0     1                 .L0 
      1a       1a        0     1                 .Lpcrel_hi1
      1a       1a        0     1                 .L0 
      22       22        0     1                 .Lpcrel_hi2
      22       22        0     1                 .L0 
      2a       2a        0     1                 .L0 
      2c       2c        0     1                 .L0 
      2e       2e        0     1                 .L0 
      32       32        0     1                 .Lpcrel_hi3
      32       32        0     1                 .L0 
      3a       3a        0     1                 .Lpcrel_hi4
      3a       3a        0     1                 .L0 
      42       42        0     1                 .Lpcrel_hi5
      42       42        0     1                 .L0 
      4a       4a        0     1                 .L0 
      4e       4e        0     1                 .Lpcrel_hi6
      4e       4e        0     1                 .L0 
      56       56        0     1                 .Lpcrel_hi7
      56       56        0     1                 .L0 
      5e       5e        0     1                 .Lpcrel_hi8
      5e       5e        0     1                 .L0 
      66       66        0     1                 .L0 
      6a       6a        0     1                 .L0 
      6e       6e        0     1                 .Lpcrel_hi9
      6e       6e        0     1                 .L0 
      76       76        0     1                 .L0 
      78       78        0     1                 .Lpcrel_hi10
      78       78        0     1                 .L0 
      80       80        0     1                 .L0 
      82       82        0     1                 .Lweak_atexit
      82       82        0     1                 .L0 
      86       86        0     1                 .L0 
      88       88        0     1                 .L0 
      8a       8a        0     1                 .L0 
      8c       8c        0     1                 .L0 
      90       90        0     1                 .L0 
      94       94        0     1                 .L0 
      c0       c0       cc     4 .vects
      c0       c0       cc     4         ./src/smc_gen/general/r_cg_vect_table.o:(.vects)
      c0       c0        0     1                 $d
      c0       c0       cc     1                 gp_Vectors
     1c0      1c0        4     4 .nvect
     1c0      1c0        4     4         ./src/smc_gen/general/r_cg_vect_table.o:(.nvect)
     1c0      1c0        0     1                 $d
     1c0      1c0        4     1                 gp_ExceptVectors
     400      400        4     4 .option_ofs0
     400      400        4     4         ./src/smc_gen/r_bsp/mcu/r9a02g021/mcu_option_settings.o:(.option_ofs0)
     400      400        0     1                 $d
     400      400        4     1                 __OFS0reg
     404      404        4     4 .option_ofs1
     404      404        4     4         ./src/smc_gen/r_bsp/mcu/r9a02g021/mcu_option_settings.o:(.option_ofs1)
     404      404        0     1                 $d
     404      404        4     1                 __OFS1reg
     408      408       34     4 .option_frp
     408      408       34     4         ./src/smc_gen/r_bsp/mcu/r9a02g021/mcu_option_settings.o:(.option_frp)
     408      408        0     1                 $d
     408      408       34     1                 Option_FPR
     800      800       10     4 .option_osis
     800      800       10     4         ./src/smc_gen/r_bsp/mcu/r9a02g021/mcu_option_settings.o:(.option_osis)
     800      800        0     1                 $d
     800      800       10     1                 Option_OSIS
     810      810        0     1 __mdata = .
     81c      900     2078   256 .text
     81c      900       12     2         ./src/smc_gen/r_bsp/mcu/all/exit.o:(.text)
     81c      900        0     1                 .L0 
     81c      900        0     1                 $x
     81c      900        0     1                 .L0 
     81c      900        0     1                 _exit
     820      904        0     1                 .L0 
     822      906        0     1                 .L0 
     826      90a        0     1                 .L0 
     828      90c        0     1                 .L0 
     82a      90e        0     1                 .L0 
     82e      912        0     1                 .L0 
     82e      912        6     2         ./src/smc_gen/r_bsp/mcu/all/r_bsp_common_llvm.o:(.text)
     82e      912        0     1                 .L0 
     82e      912        0     1                 loop
     82e      912        0     1                 .L0 
     82e      912        0     1                 $x
     82e      912        0     1                 .L0 
     82e      912        0     1                 _delay_wait
     830      914        0     1                 .L0 
     832      916        0     1                 _exit
     832      916        0     1                 .L0 
     832      916        0     1                 .L0 
     834      918        0     1                 .L0 
     834      918       c2     2         ./src/portASM.o:(.text)
     834      918        0     1                 .L0 
     834      918        0     1                 $x
     834      918        0     1                 .L0 
     834      918        0     1                 pxPortInitialiseStack
     836      91a        0     1                 .L0 
     83a      91e        0     1                 .L0 
     83e      922        0     1                 .L0 
     840      924        0     1                 .L0 
     842      926        0     1                 .Lpcrel_hi0
     842      926        0     1                 .L0 
     84a      92e        0     1                 .L0 
     84e      932        0     1                 .L0 
     850      934        0     1                 chip_specific_stack_frame
     850      934        0     1                 .L0 
     850      934        0     1                 .L0 
     854      938        0     1                 .L0 
     856      93a        0     1                 .L0 
     85a      93e        0     1                 .L0 
     85c      940        0     1                 .L0 
     85e      942        0     1                 .Ltmp0
     85e      942        0     1                 .L0 
     862      946        0     1                 .L0 
     866      94a        0     1                 .L0 
     86a      94e        0     1                 .L0 
     86c      950        0     1                 .L0 
     870      954        0     1                 .L0 
     872      956        0     1                 .L0 
     876      95a        0     1                 .L0 
     878      95c        0     1                 .L0 
     87a      95e        0     1                 .L0 
     87c      960        0     1                 .L0 
     87c      960        0     1                 .Lpcrel_hi1
     87c      960        0     1                 .L0 
     87c      960        0     1                 xPortStartFirstTask
     884      968        0     1                 .L0 
     886      96a        0     1                 .L0 
     888      96c        0     1                 .L0 
     88a      96e        0     1                 .L0 
     88c      970        0     1                 .L0 
     890      974        0     1                 .L0 
     892      976        0     1                 .L0 
     894      978        0     1                 .L0 
     896      97a        0     1                 .L0 
     898      97c        0     1                 .L0 
     89a      97e        0     1                 .L0 
     89c      980        0     1                 .L0 
     89e      982        0     1                 .L0 
     8a0      984        0     1                 .L0 
     8a2      986        0     1                 .L0 
     8a4      988        0     1                 .L0 
     8a6      98a        0     1                 .L0 
     8a8      98c        0     1                 .L0 
     8aa      98e        0     1                 .L0 
     8ac      990        0     1                 .L0 
     8ae      992        0     1                 .L0 
     8b0      994        0     1                 .L0 
     8b2      996        0     1                 .L0 
     8b4      998        0     1                 .L0 
     8b6      99a        0     1                 .L0 
     8b8      99c        0     1                 .L0 
     8ba      99e        0     1                 .L0 
     8bc      9a0        0     1                 .L0 
     8be      9a2        0     1                 .L0 
     8c0      9a4        0     1                 .L0 
     8c2      9a6        0     1                 .L0 
     8c4      9a8        0     1                 .Lpcrel_hi2
     8c4      9a8        0     1                 .L0 
     8cc      9b0        0     1                 .L0 
     8d0      9b4        0     1                 .L0 
     8d2      9b6        0     1                 .L0 
     8d4      9b8        0     1                 .L0 
     8d8      9bc        0     1                 .L0 
     8da      9be        0     1                 .L0 
     8da      9be        0     1                 .L0 
     8da      9be        0     1                 freertos_risc_v_application_exception_handler
     8de      9c2        0     1                 .L0 
     8e2      9c6        0     1                 .L0 
     8e6      9ca        0     1                 .L0 
     8e6      9ca        0     1                 .L0 
     8e8      9cc        0     1                 .L0 
     8e8      9cc        0     1                 .L0 
     8e8      9cc        0     1                 freertos_risc_v_application_interrupt_handler
     8ec      9d0        0     1                 .L0 
     8f0      9d4        0     1                 .L0 
     8f4      9d8        0     1                 .L0 
     8f4      9d8        0     1                 .L0 
     8f6      9da        0     1                 .L0 
     8f6      9da      11c     2         ./src/smc_gen/r_bsp/mcu/r9a02g021/mcu_clocks.o:(.text.mcu_clock_setup)
     8f6      9da        0     1                 .L0 
     8f6      9da        0     1                 .L0 
     8f6      9da        0     1                 $x
     8f6      9da        0     1                 .L0 
     8f6      9da      11c     1                 mcu_clock_setup
     90c      9f0        0     1                 .L0 
     90c      9f0        0     1                 .L0 
     912      9f6        0     1                 .L0 
     912      9f6        0     1                 .L0 
     916      9fa        0     1                 .L0 
     916      9fa        0     1                 .L0 
     91a      9fe        0     1                 .L0 
     91c      a00        0     1                 .L0 
     920      a04        0     1                 .L0 
     922      a06        0     1                 .L0 
     922      a06        0     1                 .L0 
     92a      a0e        0     1                 .L0 
     92a      a0e        0     1                 .L0 
     932      a16        0     1                 .L0 
     936      a1a        0     1                 .L0 
     936      a1a        0     1                 .L0 
     93e      a22        0     1                 .L0 
     93e      a22        0     1                 .L0 
     93e      a22        0     1                 .L0 
     942      a26        0     1                 .L0 
     942      a26        0     1                 .L0 
     94c      a30        0     1                 .L0 
     94e      a32        0     1                 .L0 
     952      a36        0     1                 .L0 
     956      a3a        0     1                 .L0 
     95a      a3e        0     1                 .L0 
     95a      a3e        0     1                 .L0 
     95e      a42        0     1                 .L0 
     95e      a42        0     1                 .L0 
     966      a4a        0     1                 .L0 
     96a      a4e        0     1                 .L0 
     96c      a50        0     1                 .L0 
     96e      a52        0     1                 .L0 
     970      a54        0     1                 .L0 
     974      a58        0     1                 .L0 
     974      a58        0     1                 .L0 
     97a      a5e        0     1                 .L0 
     97c      a60        0     1                 .L0 
     984      a68        0     1                 .L0 
     98a      a6e        0     1                 .L0 
     98a      a6e        0     1                 .L0 
     98e      a72        0     1                 .L0 
     992      a76        0     1                 .L0 
     996      a7a        0     1                 .L0 
     9a0      a84        0     1                 .L0 
     9a0      a84        0     1                 .L0 
     9a0      a84        0     1                 .L0 
     9a2      a86        0     1                 .L0 
     9ae      a92        0     1                 .L0 
     9b6      a9a        0     1                 .L0 
     9b6      a9a        0     1                 .L0 
     9ba      a9e        0     1                 .L0 
     9c0      aa4        0     1                 .L0 
     9c0      aa4        0     1                 .L0 
     9c8      aac        0     1                 .L0 
     9cc      ab0        0     1                 .L0 
     9cc      ab0        0     1                 .L0 
     9d0      ab4        0     1                 .L0 
     9d0      ab4        0     1                 .L0 
     9d4      ab8        0     1                 .L0 
     9d6      aba        0     1                 .L0 
     9da      abe        0     1                 .L0 
     9dc      ac0        0     1                 .L0 
     9dc      ac0        0     1                 .L0 
     9e4      ac8        0     1                 .L0 
     9e4      ac8        0     1                 .L0 
     9ec      ad0        0     1                 .L0 
     9f0      ad4        0     1                 .L0 
     9f0      ad4        0     1                 .L0 
     9f8      adc        0     1                 .L0 
     9f8      adc        0     1                 .L0 
     9f8      adc        0     1                 .L0 
     9fa      ade        0     1                 .L0 
     9fc      ae0        0     1                 .L0 
     a00      ae4        0     1                 .L0 
     a0e      af2        0     1                 .L0 
     a0e      af2        0     1                 .L0 
     a12      af6        0     1                 .L0 
     a12      af6        0     1                 .L0 
     a12      af6       32     2         ./src/smc_gen/r_bsp/mcu/r9a02g021/mcu_clocks.o:(.text.get_iclk_freq_hz)
     a12      af6        0     1                 .L0 
     a12      af6        0     1                 .L0 
     a12      af6        0     1                 $x
     a12      af6        0     1                 .L0 
     a12      af6       32     1                 get_iclk_freq_hz
     a16      afa        0     1                 .L0 
     a1c      b00        0     1                 .L0 
     a1c      b00        0     1                 .L0 
     a30      b14        0     1                 .L0 
     a30      b14        0     1                 .L0 
     a30      b14        0     1                 .L0 
     a38      b1c        0     1                 .L0 
     a38      b1c        0     1                 .L0 
     a38      b1c        0     1                 .L0 
     a3e      b22        0     1                 .L0 
     a42      b26        0     1                 .L0 
     a44      b28        0     1                 .L0 
     a44      b28        0     1                 .L0 
     a44      b28      120     2         ./src/smc_gen/r_bsp/mcu/all/r_bsp_common.o:(.text.R_BSP_SoftwareDelay)
     a44      b28        0     1                 .L0 
     a44      b28        0     1                 .L0 
     a44      b28        0     1                 $x
     a44      b28        0     1                 .L0 
     a44      b28      120     1                 R_BSP_SoftwareDelay
     a50      b34        0     1                 .L0 
     a50      b34        0     1                 .L0 
     a52      b36        0     1                 .L0 
     a52      b36        0     1                 .L0 
     a5a      b3e        0     1                 .L0 
     a5a      b3e        0     1                 .L0 
     a5c      b40        0     1                 .L0 
     a60      b44        0     1                 .L0 
     a62      b46        0     1                 .L0 
     a66      b4a        0     1                 .L0 
     a68      b4c        0     1                 .L0 
     a68      b4c        0     1                 .L0 
     a6a      b4e        0     1                 .L0 
     a72      b56        0     1                 .L0 
     a7a      b5e        0     1                 .L0 
     a7e      b62        0     1                 .L0 
     a82      b66        0     1                 .L0 
     a8c      b70        0     1                 .L0 
     a8e      b72        0     1                 .L0 
     aa2      b86        0     1                 .L0 
     aa4      b88        0     1                 .L0 
     aa4      b88        0     1                 .L0 
     aa8      b8c        0     1                 .L0 
     aa8      b8c        0     1                 .L0 
     aac      b90        0     1                 .L0 
     ac6      baa        0     1                 .L0 
     aee      bd2        0     1                 .L0 
     af2      bd6        0     1                 .L0 
     afa      bde        0     1                 .L0 
     afc      be0        0     1                 .L0 
     b00      be4        0     1                 .L0 
     b02      be6        0     1                 .L0 
     b04      be8        0     1                 .L0 
     b0a      bee        0     1                 .L0 
     b0e      bf2        0     1                 .L0 
     b0e      bf2        0     1                 .L0 
     b0e      bf2        0     1                 .L0 
     b10      bf4        0     1                 .L0 
     b1c      c00        0     1                 .L0 
     b22      c06        0     1                 .L0 
     b24      c08        0     1                 .L0 
     b2a      c0e        0     1                 .L0 
     b2e      c12        0     1                 .L0 
     b36      c1a        0     1                 .L0 
     b38      c1c        0     1                 .L0 
     b38      c1c        0     1                 .L0 
     b3a      c1e        0     1                 .L0 
     b3a      c1e        0     1                 .L0 
     b44      c28        0     1                 .L0 
     b4a      c2e        0     1                 .L0 
     b4c      c30        0     1                 .L0 
     b4e      c32        0     1                 .L0 
     b50      c34        0     1                 .L0 
     b50      c34        0     1                 .L0 
     b50      c34        0     1                 .L0 
     b52      c36        0     1                 .L0 
     b54      c38        0     1                 .L0 
     b54      c38        0     1                 .L0 
     b56      c3a        0     1                 .L0 
     b5a      c3e        0     1                 .L0 
     b5c      c40        0     1                 .L0 
     b60      c44        0     1                 .L0 
     b60      c44        0     1                 .L0 
     b60      c44        0     1                 .L0 
     b62      c46        0     1                 .L0 
     b64      c48        0     1                 .L0 
     b64      c48        0     1                 .L0 
     b64      c48       ae     2         ./src/smc_gen/r_bsp/mcu/all/r_bsp_common.o:(.text.R_BSP_RegisterProtectEnable)
     b64      c48        0     1                 .L0 
     b64      c48        0     1                 .L0 
     b64      c48        0     1                 $x
     b64      c48        0     1                 .L0 
     b64      c48       ae     1                 R_BSP_RegisterProtectEnable
     b74      c58        0     1                 .L0 
     b76      c5a        0     1                 .L0 
     b80      c64        0     1                 .L0 
     b80      c64        0     1                 .L0 
     b84      c68        0     1                 .L0 
     b86      c6a        0     1                 .L0 
     b88      c6c        0     1                 .L0 
     b88      c6c        0     1                 .L0 
     b8a      c6e        0     1                 .L0 
     b8e      c72        0     1                 .L0 
     b90      c74        0     1                 .L0 
     b94      c78        0     1                 .L0 
     b96      c7a        0     1                 .L0 
     b9a      c7e        0     1                 .L0 
     b9e      c82        0     1                 .L0 
     ba0      c84        0     1                 .L0 
     ba4      c88        0     1                 .L0 
     ba6      c8a        0     1                 .L0 
     ba6      c8a        0     1                 .L0 
     ba6      c8a        0     1                 .L0 
     ba8      c8c        0     1                 .L0 
     bac      c90        0     1                 .L0 
     bae      c92        0     1                 .L0 
     bb2      c96        0     1                 .L0 
     bb6      c9a        0     1                 .L0 
     bb6      c9a        0     1                 .L0 
     bc2      ca6        0     1                 .L0 
     bce      cb2        0     1                 .L0 
     bd0      cb4        0     1                 .L0 
     bd0      cb4        0     1                 .L0 
     bd0      cb4        0     1                 .L0 
     bd4      cb8        0     1                 .L0 
     bd8      cbc        0     1                 .L0 
     be4      cc8        0     1                 .L0 
     bee      cd2        0     1                 .L0 
     bf0      cd4        0     1                 .L0 
     bf4      cd8        0     1                 .L0 
     bf8      cdc        0     1                 .L0 
     bfa      cde        0     1                 .L0 
     bfa      cde        0     1                 .L0 
     bfa      cde        0     1                 .L0 
     bfe      ce2        0     1                 .L0 
     c00      ce4        0     1                 .L0 
     c04      ce8        0     1                 .L0 
     c06      cea        0     1                 .L0 
     c06      cea        0     1                 .L0 
     c06      cea        0     1                 .L0 
     c0a      cee        0     1                 .L0 
     c0c      cf0        0     1                 .L0 
     c10      cf4        0     1                 .L0 
     c12      cf6        0     1                 .L0 
     c12      cf6        0     1                 .L0 
     c12      cf6       a6     2         ./src/smc_gen/r_bsp/mcu/all/r_bsp_common.o:(.text.R_BSP_RegisterProtectDisable)
     c12      cf6        0     1                 .L0 
     c12      cf6        0     1                 .L0 
     c12      cf6        0     1                 $x
     c12      cf6        0     1                 .L0 
     c12      cf6       a6     1                 R_BSP_RegisterProtectDisable
     c22      d06        0     1                 .L0 
     c24      d08        0     1                 .L0 
     c24      d08        0     1                 .L0 
     c24      d08        0     1                 .L0 
     c2e      d12        0     1                 .L0 
     c30      d14        0     1                 .L0 
     c30      d14        0     1                 .L0 
     c30      d14        0     1                 .L0 
     c32      d16        0     1                 .L0 
     c36      d1a        0     1                 .L0 
     c38      d1c        0     1                 .L0 
     c3c      d20        0     1                 .L0 
     c3e      d22        0     1                 .L0 
     c42      d26        0     1                 .L0 
     c46      d2a        0     1                 .L0 
     c48      d2c        0     1                 .L0 
     c4c      d30        0     1                 .L0 
     c4e      d32        0     1                 .L0 
     c4e      d32        0     1                 .L0 
     c4e      d32        0     1                 .L0 
     c50      d34        0     1                 .L0 
     c54      d38        0     1                 .L0 
     c56      d3a        0     1                 .L0 
     c5a      d3e        0     1                 .L0 
     c5e      d42        0     1                 .L0 
     c5e      d42        0     1                 .L0 
     c6a      d4e        0     1                 .L0 
     c76      d5a        0     1                 .L0 
     c78      d5c        0     1                 .L0 
     c78      d5c        0     1                 .L0 
     c78      d5c        0     1                 .L0 
     c7c      d60        0     1                 .L0 
     c80      d64        0     1                 .L0 
     c8c      d70        0     1                 .L0 
     c96      d7a        0     1                 .L0 
     c9a      d7e        0     1                 .L0 
     ca0      d84        0     1                 .L0 
     ca0      d84        0     1                 .L0 
     ca0      d84        0     1                 .L0 
     ca4      d88        0     1                 .L0 
     ca6      d8a        0     1                 .L0 
     cac      d90        0     1                 .L0 
     cac      d90        0     1                 .L0 
     cac      d90        0     1                 .L0 
     cb0      d94        0     1                 .L0 
     cb2      d96        0     1                 .L0 
     cb6      d9a        0     1                 .L0 
     cb8      d9c        0     1                 .L0 
     cb8      d9c        0     1                 .L0 
     cb8      d9c       18     2         ./src/smc_gen/r_bsp/mcu/all/r_bsp_common.o:(.text.bsp_register_protect_open)
     cb8      d9c        0     1                 .L0 
     cb8      d9c        0     1                 .L0 
     cb8      d9c        0     1                 $x
     cb8      d9c        0     1                 .L0 
     cb8      d9c       18     1                 bsp_register_protect_open
     cc0      da4        0     1                 .L0 
     cc4      da8        0     1                 .L0 
     cc4      da8        0     1                 .L0 
     cc4      da8        0     1                 .L0 
     cc8      dac        0     1                 .L0 
     cca      dae        0     1                 .L0 
     cce      db2        0     1                 .L0 
     cd0      db4        0     1                 .L0 
     cd0      db4        0     1                 .L0 
     cd0      db4        2     2         ./src/smc_gen/r_bsp/mcu/all/r_bsp_machine_timer.o:(.text.machine_timer_create)
     cd0      db4        0     1                 .L0 
     cd0      db4        0     1                 .L0 
     cd0      db4        0     1                 $x
     cd0      db4        0     1                 .L0 
     cd0      db4        2     1                 machine_timer_create
     cd2      db6        0     1                 .L0 
     cd2      db6       12     2         ./src/smc_gen/r_bsp/board/generic_r9a02g021/hdwinit.o:(.text.hdwinit)
     cd2      db6        0     1                 .L0 
     cd2      db6        0     1                 .L0 
     cd2      db6        0     1                 $x
     cd2      db6        0     1                 .L0 
     cd2      db6       12     1                 hdwinit
     cd6      dba        0     1                 .L0 
     cd8      dbc        0     1                 .L0 
     cd8      dbc        0     1                 .L0 
     cda      dbe        0     1                 .L0 
     cda      dbe        0     1                 .L0 
     cdc      dc0        0     1                 .L0 
     cde      dc2        0     1                 .L0 
     cde      dc2        0     1                 .L0 
     ce0      dc4        0     1                 .L0 
     ce0      dc4        0     1                 .L0 
     ce2      dc6        0     1                 .L0 
     ce4      dc8        0     1                 .L0 
     ce4      dc8        0     1                 .L0 
     ce4      dc8        0     1                 .L0 
     ce4      dc8       1c     2         ./src/smc_gen/r_bsp/board/generic_r9a02g021/r_bsp_init.o:(.text.bsp_init_system)
     ce4      dc8        0     1                 .L0 
     ce4      dc8        0     1                 .L0 
     ce4      dc8        0     1                 $x
     ce4      dc8        0     1                 .L0 
     ce4      dc8       1c     1                 bsp_init_system
     ce8      dcc        0     1                 .L0 
     cea      dce        0     1                 .L0 
     cea      dce        0     1                 .L0 
     cee      dd2        0     1                 .L0 
     cfc      de0        0     1                 .L0 
     d00      de4        0     1                 .L0 
     d00      de4        0     1                 .L0 
     d00      de4        2     2         ./src/smc_gen/r_bsp/board/generic_r9a02g021/r_bsp_init.o:(.text.bsp_init_hardware)
     d00      de4        0     1                 .L0 
     d00      de4        0     1                 .L0 
     d00      de4        0     1                 $x
     d00      de4        0     1                 .L0 
     d00      de4        2     1                 bsp_init_hardware
     d02      de6        0     1                 .L0 
     d02      de6        0     1                 .L0 
     d02      de6        4     2         ./src/smc_gen/general/r_cg_inthandler.o:(.text.INT_ACLINT_MSIP)
     d02      de6        0     1                 .L0 
     d02      de6        0     1                 .L0 
     d02      de6        0     1                 $x
     d02      de6        0     1                 .L0 
     d02      de6        4     1                 INT_ACLINT_MSIP
     d06      dea        0     1                 .L0 
     d06      dea        4     2         ./src/smc_gen/general/r_cg_inthandler.o:(.text.INT_ACLINT_MTIP)
     d06      dea        0     1                 .L0 
     d06      dea        0     1                 .L0 
     d06      dea        0     1                 $x
     d06      dea        0     1                 .L0 
     d06      dea        4     1                 INT_ACLINT_MTIP
     d0a      dee        0     1                 .L0 
     d0a      dee        4     2         ./src/smc_gen/general/r_cg_inthandler.o:(.text.INT_IELSR0)
     d0a      dee        0     1                 .L0 
     d0a      dee        0     1                 .L0 
     d0a      dee        0     1                 $x
     d0a      dee        0     1                 .L0 
     d0a      dee        4     1                 INT_IELSR0
     d0e      df2        0     1                 .L0 
     d0e      df2        4     2         ./src/smc_gen/general/r_cg_inthandler.o:(.text.INT_IELSR1)
     d0e      df2        0     1                 .L0 
     d0e      df2        0     1                 .L0 
     d0e      df2        0     1                 $x
     d0e      df2        0     1                 .L0 
     d0e      df2        4     1                 INT_IELSR1
     d12      df6        0     1                 .L0 
     d12      df6        4     2         ./src/smc_gen/general/r_cg_inthandler.o:(.text.INT_IELSR2)
     d12      df6        0     1                 .L0 
     d12      df6        0     1                 .L0 
     d12      df6        0     1                 $x
     d12      df6        0     1                 .L0 
     d12      df6        4     1                 INT_IELSR2
     d16      dfa        0     1                 .L0 
     d16      dfa        4     2         ./src/smc_gen/general/r_cg_inthandler.o:(.text.INT_IELSR3)
     d16      dfa        0     1                 .L0 
     d16      dfa        0     1                 .L0 
     d16      dfa        0     1                 $x
     d16      dfa        0     1                 .L0 
     d16      dfa        4     1                 INT_IELSR3
     d1a      dfe        0     1                 .L0 
     d1a      dfe        4     2         ./src/smc_gen/general/r_cg_inthandler.o:(.text.INT_IELSR5)
     d1a      dfe        0     1                 .L0 
     d1a      dfe        0     1                 .L0 
     d1a      dfe        0     1                 $x
     d1a      dfe        0     1                 .L0 
     d1a      dfe        4     1                 INT_IELSR5
     d1e      e02        0     1                 .L0 
     d1e      e02        4     2         ./src/smc_gen/general/r_cg_inthandler.o:(.text.INT_IELSR6)
     d1e      e02        0     1                 .L0 
     d1e      e02        0     1                 .L0 
     d1e      e02        0     1                 $x
     d1e      e02        0     1                 .L0 
     d1e      e02        4     1                 INT_IELSR6
     d22      e06        0     1                 .L0 
     d22      e06        4     2         ./src/smc_gen/general/r_cg_inthandler.o:(.text.INT_IELSR7)
     d22      e06        0     1                 .L0 
     d22      e06        0     1                 .L0 
     d22      e06        0     1                 $x
     d22      e06        0     1                 .L0 
     d22      e06        4     1                 INT_IELSR7
     d26      e0a        0     1                 .L0 
     d26      e0a        4     2         ./src/smc_gen/general/r_cg_inthandler.o:(.text.INT_IELSR8)
     d26      e0a        0     1                 .L0 
     d26      e0a        0     1                 .L0 
     d26      e0a        0     1                 $x
     d26      e0a        0     1                 .L0 
     d26      e0a        4     1                 INT_IELSR8
     d2a      e0e        0     1                 .L0 
     d2a      e0e        4     2         ./src/smc_gen/general/r_cg_inthandler.o:(.text.INT_IELSR9)
     d2a      e0e        0     1                 .L0 
     d2a      e0e        0     1                 .L0 
     d2a      e0e        0     1                 $x
     d2a      e0e        0     1                 .L0 
     d2a      e0e        4     1                 INT_IELSR9
     d2e      e12        0     1                 .L0 
     d2e      e12        4     2         ./src/smc_gen/general/r_cg_inthandler.o:(.text.INT_IELSR10)
     d2e      e12        0     1                 .L0 
     d2e      e12        0     1                 .L0 
     d2e      e12        0     1                 $x
     d2e      e12        0     1                 .L0 
     d2e      e12        4     1                 INT_IELSR10
     d32      e16        0     1                 .L0 
     d32      e16        4     2         ./src/smc_gen/general/r_cg_inthandler.o:(.text.INT_IELSR11)
     d32      e16        0     1                 .L0 
     d32      e16        0     1                 .L0 
     d32      e16        0     1                 $x
     d32      e16        0     1                 .L0 
     d32      e16        4     1                 INT_IELSR11
     d36      e1a        0     1                 .L0 
     d36      e1a        4     2         ./src/smc_gen/general/r_cg_inthandler.o:(.text.INT_IELSR12)
     d36      e1a        0     1                 .L0 
     d36      e1a        0     1                 .L0 
     d36      e1a        0     1                 $x
     d36      e1a        0     1                 .L0 
     d36      e1a        4     1                 INT_IELSR12
     d3a      e1e        0     1                 .L0 
     d3a      e1e        4     2         ./src/smc_gen/general/r_cg_inthandler.o:(.text.INT_IELSR13)
     d3a      e1e        0     1                 .L0 
     d3a      e1e        0     1                 .L0 
     d3a      e1e        0     1                 $x
     d3a      e1e        0     1                 .L0 
     d3a      e1e        4     1                 INT_IELSR13
     d3e      e22        0     1                 .L0 
     d3e      e22        4     2         ./src/smc_gen/general/r_cg_inthandler.o:(.text.INT_IELSR14)
     d3e      e22        0     1                 .L0 
     d3e      e22        0     1                 .L0 
     d3e      e22        0     1                 $x
     d3e      e22        0     1                 .L0 
     d3e      e22        4     1                 INT_IELSR14
     d42      e26        0     1                 .L0 
     d42      e26        4     2         ./src/smc_gen/general/r_cg_inthandler.o:(.text.INT_IELSR15)
     d42      e26        0     1                 .L0 
     d42      e26        0     1                 .L0 
     d42      e26        0     1                 $x
     d42      e26        0     1                 .L0 
     d42      e26        4     1                 INT_IELSR15
     d46      e2a        0     1                 .L0 
     d46      e2a        4     2         ./src/smc_gen/general/r_cg_inthandler.o:(.text.INT_IELSR16)
     d46      e2a        0     1                 .L0 
     d46      e2a        0     1                 .L0 
     d46      e2a        0     1                 $x
     d46      e2a        0     1                 .L0 
     d46      e2a        4     1                 INT_IELSR16
     d4a      e2e        0     1                 .L0 
     d4a      e2e        4     2         ./src/smc_gen/general/r_cg_inthandler.o:(.text.INT_IELSR17)
     d4a      e2e        0     1                 .L0 
     d4a      e2e        0     1                 .L0 
     d4a      e2e        0     1                 $x
     d4a      e2e        0     1                 .L0 
     d4a      e2e        4     1                 INT_IELSR17
     d4e      e32        0     1                 .L0 
     d4e      e32        4     2         ./src/smc_gen/general/r_cg_inthandler.o:(.text.INT_IELSR18)
     d4e      e32        0     1                 .L0 
     d4e      e32        0     1                 .L0 
     d4e      e32        0     1                 $x
     d4e      e32        0     1                 .L0 
     d4e      e32        4     1                 INT_IELSR18
     d52      e36        0     1                 .L0 
     d52      e36        4     2         ./src/smc_gen/general/r_cg_inthandler.o:(.text.INT_IELSR19)
     d52      e36        0     1                 .L0 
     d52      e36        0     1                 .L0 
     d52      e36        0     1                 $x
     d52      e36        0     1                 .L0 
     d52      e36        4     1                 INT_IELSR19
     d56      e3a        0     1                 .L0 
     d56      e3a        4     2         ./src/smc_gen/general/r_cg_inthandler.o:(.text.INT_IELSR20)
     d56      e3a        0     1                 .L0 
     d56      e3a        0     1                 .L0 
     d56      e3a        0     1                 $x
     d56      e3a        0     1                 .L0 
     d56      e3a        4     1                 INT_IELSR20
     d5a      e3e        0     1                 .L0 
     d5a      e3e        4     2         ./src/smc_gen/general/r_cg_inthandler.o:(.text.INT_IELSR21)
     d5a      e3e        0     1                 .L0 
     d5a      e3e        0     1                 .L0 
     d5a      e3e        0     1                 $x
     d5a      e3e        0     1                 .L0 
     d5a      e3e        4     1                 INT_IELSR21
     d5e      e42        0     1                 .L0 
     d5e      e42        4     2         ./src/smc_gen/general/r_cg_inthandler.o:(.text.INT_IELSR22)
     d5e      e42        0     1                 .L0 
     d5e      e42        0     1                 .L0 
     d5e      e42        0     1                 $x
     d5e      e42        0     1                 .L0 
     d5e      e42        4     1                 INT_IELSR22
     d62      e46        0     1                 .L0 
     d62      e46        4     2         ./src/smc_gen/general/r_cg_inthandler.o:(.text.INT_IELSR23)
     d62      e46        0     1                 .L0 
     d62      e46        0     1                 .L0 
     d62      e46        0     1                 $x
     d62      e46        0     1                 .L0 
     d62      e46        4     1                 INT_IELSR23
     d66      e4a        0     1                 .L0 
     d66      e4a        4     2         ./src/smc_gen/general/r_cg_inthandler.o:(.text.INT_IELSR24)
     d66      e4a        0     1                 .L0 
     d66      e4a        0     1                 .L0 
     d66      e4a        0     1                 $x
     d66      e4a        0     1                 .L0 
     d66      e4a        4     1                 INT_IELSR24
     d6a      e4e        0     1                 .L0 
     d6a      e4e        4     2         ./src/smc_gen/general/r_cg_inthandler.o:(.text.INT_IELSR25)
     d6a      e4e        0     1                 .L0 
     d6a      e4e        0     1                 .L0 
     d6a      e4e        0     1                 $x
     d6a      e4e        0     1                 .L0 
     d6a      e4e        4     1                 INT_IELSR25
     d6e      e52        0     1                 .L0 
     d6e      e52        4     2         ./src/smc_gen/general/r_cg_inthandler.o:(.text.INT_IELSR26)
     d6e      e52        0     1                 .L0 
     d6e      e52        0     1                 .L0 
     d6e      e52        0     1                 $x
     d6e      e52        0     1                 .L0 
     d6e      e52        4     1                 INT_IELSR26
     d72      e56        0     1                 .L0 
     d72      e56        4     2         ./src/smc_gen/general/r_cg_inthandler.o:(.text.INT_IELSR27)
     d72      e56        0     1                 .L0 
     d72      e56        0     1                 .L0 
     d72      e56        0     1                 $x
     d72      e56        0     1                 .L0 
     d72      e56        4     1                 INT_IELSR27
     d76      e5a        0     1                 .L0 
     d76      e5a        4     2         ./src/smc_gen/general/r_cg_inthandler.o:(.text.INT_IELSR28)
     d76      e5a        0     1                 .L0 
     d76      e5a        0     1                 .L0 
     d76      e5a        0     1                 $x
     d76      e5a        0     1                 .L0 
     d76      e5a        4     1                 INT_IELSR28
     d7a      e5e        0     1                 .L0 
     d7a      e5e        4     2         ./src/smc_gen/general/r_cg_inthandler.o:(.text.INT_IELSR29)
     d7a      e5e        0     1                 .L0 
     d7a      e5e        0     1                 .L0 
     d7a      e5e        0     1                 $x
     d7a      e5e        0     1                 .L0 
     d7a      e5e        4     1                 INT_IELSR29
     d7e      e62        0     1                 .L0 
     d7e      e62        4     2         ./src/smc_gen/general/r_cg_inthandler.o:(.text.INT_IELSR30)
     d7e      e62        0     1                 .L0 
     d7e      e62        0     1                 .L0 
     d7e      e62        0     1                 $x
     d7e      e62        0     1                 .L0 
     d7e      e62        4     1                 INT_IELSR30
     d82      e66        0     1                 .L0 
     d82      e66        4     2         ./src/smc_gen/general/r_cg_inthandler.o:(.text.INT_IELSR31)
     d82      e66        0     1                 .L0 
     d82      e66        0     1                 .L0 
     d82      e66        0     1                 $x
     d82      e66        0     1                 .L0 
     d82      e66        4     1                 INT_IELSR31
     d86      e6a        0     1                 .L0 
     d86      e6a        4     2         ./src/smc_gen/general/r_cg_inthandler.o:(.text.INT_DUMMY)
     d86      e6a        0     1                 .L0 
     d86      e6a        0     1                 .L0 
     d86      e6a        0     1                 $x
     d86      e6a        0     1                 .L0 
     d86      e6a        4     1                 INT_DUMMY
     d8a      e6e        0     1                 .L0 
     d8a      e6e       1c     2         ./src/smc_gen/general/r_cg_systeminit.o:(.text.R_Systeminit)
     d8a      e6e        0     1                 .L0 
     d8a      e6e        0     1                 .L0 
     d8a      e6e        0     1                 $x
     d8a      e6e        0     1                 .L0 
     d8a      e6e       1c     1                 R_Systeminit
     d8e      e72        0     1                 .L0 
     d90      e74        0     1                 .L0 
     d94      e78        0     1                 .L0 
     d98      e7c        0     1                 .L0 
     d98      e7c        0     1                 .L0 
     d9a      e7e        0     1                 .L0 
     d9a      e7e        0     1                 .L0 
     d9c      e80        0     1                 .L0 
     d9c      e80        0     1                 .L0 
     d9e      e82        0     1                 .L0 
     d9e      e82        0     1                 .L0 
     da2      e86        0     1                 .L0 
     da4      e88        0     1                 .L0 
     da6      e8a        0     1                 .L0 
     da6      e8a        0     1                 .L0 
     da6      e8a        2     2         ./src/smc_gen/general/r_cg_vect_table.o:(.text.nvect_function)
     da6      e8a        2     1                 nvect_function
     da6      e8a        0     1                 .L0 
     da6      e8a        0     1                 .L0 
     da6      e8a        0     1                 $x
     da6      e8a        0     1                 .L0 
     da8      e8c        0     1                 .L0 
     da8      e8c       2e     2         ./src/smc_gen/general/r_cg_vect_table.o:(.text.initialize_vect)
     da8      e8c        0     1                 .L0 
     da8      e8c        0     1                 .L0 
     da8      e8c        0     1                 $x
     da8      e8c        0     1                 .L0 
     da8      e8c       2e     1                 initialize_vect
     db8      e9c        0     1                 .L0 
     dbc      ea0        0     1                 .L0 
     dc0      ea4        0     1                 .L0 
     dcc      eb0        0     1                 .L0 
     dd0      eb4        0     1                 .L0 
     dd4      eb8        0     1                 .L0 
     dd6      eba        0     1                 .L0 
     dd6      eba        0     1                 .L0 
     dd6      eba        2     2         ./src/smc_gen/general/r_cg_vect_table.o:(.text.nmi_handler)
     dd6      eba        2     1                 nmi_handler
     dd6      eba        0     1                 .L0 
     dd6      eba        0     1                 .L0 
     dd6      eba        0     1                 $x
     dd6      eba        0     1                 .L0 
     dd8      ebc        0     1                 .L0 
     dd8      ebc        2     2         ./src/smc_gen/general/r_smc_cgc.o:(.text.R_CGC_Create)
     dd8      ebc        0     1                 .L0 
     dd8      ebc        0     1                 .L0 
     dd8      ebc        0     1                 $x
     dd8      ebc        0     1                 .L0 
     dd8      ebc        2     1                 R_CGC_Create
     dda      ebe        0     1                 .L0 
     dda      ebe        0     1                 .L0 
     dda      ebe        2     2         ./src/smc_gen/general/r_smc_cgc_user.o:(.text.R_CGC_Create_UserInit)
     dda      ebe        0     1                 .L0 
     dda      ebe        0     1                 .L0 
     dda      ebe        0     1                 $x
     dda      ebe        0     1                 .L0 
     dda      ebe        2     1                 R_CGC_Create_UserInit
     ddc      ec0        0     1                 .L0 
     ddc      ec0       4a     2         ./src/smc_gen/Config_PORT/Config_PORT.o:(.text.R_Config_PORT_Create)
     ddc      ec0        0     1                 .L0 
     ddc      ec0        0     1                 .L0 
     ddc      ec0        0     1                 $x
     ddc      ec0        0     1                 .L0 
     ddc      ec0       4a     1                 R_Config_PORT_Create
     de2      ec6        0     1                 .L0 
     de6      eca        0     1                 .L0 
     dea      ece        0     1                 .L0 
     dee      ed2        0     1                 .L0 
     df2      ed6        0     1                 .L0 
     df6      eda        0     1                 .L0 
     dfa      ede        0     1                 .L0 
     dfe      ee2        0     1                 .L0 
     e02      ee6        0     1                 .L0 
     e06      eea        0     1                 .L0 
     e0a      eee        0     1                 .L0 
     e0e      ef2        0     1                 .L0 
     e14      ef8        0     1                 .L0 
     e1c      f00        0     1                 .L0 
     e20      f04        0     1                 .L0 
     e24      f08        0     1                 .L0 
     e24      f08        0     1                 .L0 
     e26      f0a        0     1                 .L0 
     e26      f0a        0     1                 .L0 
     e26      f0a        2     2         ./src/smc_gen/Config_PORT/Config_PORT_user.o:(.text.R_Config_PORT_Create_UserInit)
     e26      f0a        0     1                 .L0 
     e26      f0a        0     1                 .L0 
     e26      f0a        0     1                 $x
     e26      f0a        0     1                 .L0 
     e26      f0a        2     1                 R_Config_PORT_Create_UserInit
     e28      f0c        0     1                 .L0 
     e28      f0c       70     2         ./src/smc_gen/Config_ICU/Config_ICU.o:(.text.R_Config_ICU_Create)
     e28      f0c        0     1                 .L0 
     e28      f0c        0     1                 .L0 
     e28      f0c        0     1                 $x
     e28      f0c        0     1                 .L0 
     e28      f0c       70     1                 R_Config_ICU_Create
     e2c      f10        0     1                 .L0 
     e3c      f20        0     1                 .L0 
     e4c      f30        0     1                 .L0 
     e58      f3c        0     1                 .L0 
     e62      f46        0     1                 .L0 
     e6e      f52        0     1                 .L0 
     e74      f58        0     1                 .L0 
     e7c      f60        0     1                 .L0 
     e80      f64        0     1                 .L0 
     e8a      f6e        0     1                 .L0 
     e96      f7a        0     1                 .L0 
     e96      f7a        0     1                 .L0 
     e98      f7c        0     1                 .L0 
     e98      f7c        0     1                 .L0 
     e98      f7c       22     2         ./src/smc_gen/Config_ICU/Config_ICU.o:(.text.R_Config_ICU_IRQ4_Start)
     e98      f7c        0     1                 .L0 
     e98      f7c        0     1                 .L0 
     e98      f7c        0     1                 $x
     e98      f7c        0     1                 .L0 
     e98      f7c       22     1                 R_Config_ICU_IRQ4_Start
     e9c      f80        0     1                 .L0 
     eac      f90        0     1                 .L0 
     eb8      f9c        0     1                 .L0 
     eba      f9e        0     1                 .L0 
     eba      f9e        2     2         ./src/smc_gen/Config_ICU/Config_ICU_user.o:(.text.R_Config_ICU_Create_UserInit)
     eba      f9e        0     1                 .L0 
     eba      f9e        0     1                 .L0 
     eba      f9e        0     1                 $x
     eba      f9e        0     1                 .L0 
     eba      f9e        2     1                 R_Config_ICU_Create_UserInit
     ebc      fa0        0     1                 .L0 
     ebc      fa0       54     2         ./src/smc_gen/Config_ICU/Config_ICU_user.o:(.text.r_Config_ICU_irq4_interrupt)
     ebc      fa0        0     1                 .L0 
     ebc      fa0        0     1                 .L0 
     ebc      fa0        0     1                 $x
     ebc      fa0        0     1                 .L0 
     ebc      fa0       54     1                 r_Config_ICU_irq4_interrupt
     ec8      fac        0     1                 .L0 
     edc      fc0        0     1                 .L0 
     ee0      fc4        0     1                 .L0 
     ee4      fc8        0     1                 .L0 
     ee4      fc8        0     1                 .L0 
     ee8      fcc        0     1                 .L0 
     eec      fd0        0     1                 .L0 
     ef4      fd8        0     1                 .L0 
     f0a      fee        0     1                 .L0 
     f10      ff4        0     1                 .L0 
     f10      ff4        0     1                 .L0 
     f10      ff4      160     2         ./src/heap_4.o:(.text.pvPortMalloc)
     f10      ff4        0     1                 .L0 
     f10      ff4        0     1                 .L0 
     f10      ff4        0     1                 $x
     f10      ff4        0     1                 .L0 
     f10      ff4      160     1                 pvPortMalloc
     f18      ffc        0     1                 .L0 
     f22     1006        0     1                 .L0 
     f22     1006        0     1                 .L0 
     f26     100a        0     1                 .L0 
     f2a     100e        0     1                 .L0 
     f2c     1010        0     1                 .L0 
     f2c     1010        0     1                 .L0 
     f2e     1012        0     1                 .L0 
     f2e     1012        0     1                 .L0 
     f32     1016        0     1                 .L0 
     f32     1016        0     1                 .L0 
     f32     1016        0     1                 .L0 
     f34     1018        0     1                 .L0 
     f34     1018        0     1                 .L0 
     f34     1018        0     1                 .L0 
     f38     101c        0     1                 .L0 
     f38     101c        0     1                 .L0 
     f40     1024        0     1                 .L0 
     f42     1026        0     1                 .L0 
     f4a     102e        0     1                 .L0 
     f4a     102e        0     1                 .L0 
     f4a     102e        0     1                 .L0 
     f52     1036        0     1                 .L0 
     f58     103c        0     1                 .L0 
     f5a     103e        0     1                 .L0 
     f60     1044        0     1                 .L0 
     f60     1044        0     1                 .L0 
     f60     1044        0     1                 .L0 
     f6c     1050        0     1                 .L0 
     f72     1056        0     1                 .L0 
     f74     1058        0     1                 .L0 
     f76     105a        0     1                 .L0 
     f7a     105e        0     1                 .L0 
     f7a     105e        0     1                 .L0 
     f82     1066        0     1                 .L0 
     f86     106a        0     1                 .L0 
     f86     106a        0     1                 .L0 
     f8a     106e        0     1                 .L0 
     f8e     1072        0     1                 .L0 
     f90     1074        0     1                 .L0 
     f90     1074        0     1                 .L0 
     f92     1076        0     1                 .L0 
     f94     1078        0     1                 .L0 
     f98     107c        0     1                 .L0 
     f9c     1080        0     1                 .L0 
     fa6     108a        0     1                 .L0 
     fa6     108a        0     1                 .L0 
     faa     108e        0     1                 .L0 
     faa     108e        0     1                 .L0 
     fb2     1096        0     1                 .L0 
     fb6     109a        0     1                 .L0 
     fbe     10a2        0     1                 .L0 
     fbe     10a2        0     1                 .L0 
     fc0     10a4        0     1                 .L0 
     fc4     10a8        0     1                 .L0 
     fc6     10aa        0     1                 .L0 
     fc8     10ac        0     1                 .L0 
     fc8     10ac        0     1                 .L0 
     fcc     10b0        0     1                 .L0 
     fcc     10b0        0     1                 .L0 
     fce     10b2        0     1                 .L0 
     fd2     10b6        0     1                 .L0 
     fd4     10b8        0     1                 .L0 
     fd8     10bc        0     1                 .L0 
     fd8     10bc        0     1                 .L0 
     fd8     10bc        0     1                 .L0 
     fda     10be        0     1                 .L0 
     fde     10c2        0     1                 .L0 
     fde     10c2        0     1                 .L0 
     fe0     10c4        0     1                 .L0 
     fe0     10c4        0     1                 .L0 
     fe4     10c8        0     1                 .L0 
     fe8     10cc        0     1                 .L0 
     fe8     10cc        0     1                 .L0 
     fe8     10cc        0     1                 .L0 
     ff0     10d4        0     1                 .L0 
     ff4     10d8        0     1                 .L0 
     ff6     10da        0     1                 .L0 
     ff8     10dc        0     1                 .L0 
     ff8     10dc        0     1                 .L0 
     ffa     10de        0     1                 .L0 
     ffc     10e0        0     1                 .L0 
    1002     10e6        0     1                 .L0 
    1006     10ea        0     1                 .L0 
    100a     10ee        0     1                 .L0 
    100a     10ee        0     1                 .L0 
    100c     10f0        0     1                 .L0 
    100e     10f2        0     1                 .L0 
    1010     10f4        0     1                 .L0 
    1012     10f6        0     1                 .L0 
    1014     10f8        0     1                 .L0 
    1014     10f8        0     1                 .L0 
    1014     10f8        0     1                 .L0 
    1016     10fa        0     1                 .L0 
    101e     1102        0     1                 .L0 
    1022     1106        0     1                 .L0 
    1026     110a        0     1                 .L0 
    102e     1112        0     1                 .L0 
    1032     1116        0     1                 .L0 
    1036     111a        0     1                 .L0 
    1036     111a        0     1                 .L0 
    1038     111c        0     1                 .L0 
    1038     111c        0     1                 .L0 
    103c     1120        0     1                 .L0 
    1044     1128        0     1                 .L0 
    1046     112a        0     1                 .L0 
    1046     112a        0     1                 .L0 
    104a     112e        0     1                 .L0 
    104c     1130        0     1                 .L0 
    1052     1136        0     1                 .L0 
    1052     1136        0     1                 .L0 
    1052     1136        0     1                 .L0 
    1056     113a        0     1                 .L0 
    1056     113a        0     1                 .L0 
    1058     113c        0     1                 .L0 
    1058     113c        0     1                 .L0 
    105a     113e        0     1                 .L0 
    105a     113e        0     1                 .L0 
    105a     113e        0     1                 .L0 
    1060     1144        0     1                 .L0 
    1060     1144        0     1                 .L0 
    1062     1146        0     1                 .L0 
    1062     1146        0     1                 .L0 
    1066     114a        0     1                 .L0 
    1066     114a        0     1                 .L0 
    1066     114a        0     1                 .L0 
    1068     114c        0     1                 .L0 
    1068     114c        0     1                 .L0 
    106c     1150        0     1                 .L0 
    106c     1150        0     1                 .L0 
    1070     1154        0     1                 .L0 
    1070     1154        0     1                 .L0 
    1070     1154       b2     2         ./src/heap_4.o:(.text.vPortFree)
    1070     1154        0     1                 .L0 
    1070     1154        0     1                 .L0 
    1070     1154        0     1                 $x
    1070     1154        0     1                 .L0 
    1070     1154       b2     1                 vPortFree
    1078     115c        0     1                 .L0 
    107a     115e        0     1                 .L0 
    107a     115e        0     1                 .L0 
    107e     1162        0     1                 .L0 
    1082     1166        0     1                 .L0 
    1086     116a        0     1                 .L0 
    1086     116a        0     1                 .L0 
    1088     116c        0     1                 .L0 
    108a     116e        0     1                 .L0 
    108a     116e        0     1                 .L0 
    108a     116e        0     1                 .L0 
    1090     1174        0     1                 .L0 
    1094     1178        0     1                 .L0 
    1094     1178        0     1                 .L0 
    1094     1178        0     1                 .L0 
    109e     1182        0     1                 .L0 
    109e     1182        0     1                 .L0 
    10a2     1186        0     1                 .L0 
    10a2     1186        0     1                 .L0 
    10a4     1188        0     1                 .L0 
    10a8     118c        0     1                 .L0 
    10be     11a2        0     1                 .L0 
    10be     11a2        0     1                 .L0 
    10be     11a2        0     1                 .L0 
    10c0     11a4        0     1                 .L0 
    10c0     11a4        0     1                 .L0 
    10c2     11a6        0     1                 .L0 
    10c6     11aa        0     1                 .L0 
    10c6     11aa        0     1                 .L0 
    10c8     11ac        0     1                 .L0 
    10cc     11b0        0     1                 .L0 
    10d0     11b4        0     1                 .L0 
    10d4     11b8        0     1                 .L0 
    10d8     11bc        0     1                 .L0 
    10d8     11bc        0     1                 .L0 
    10da     11be        0     1                 .L0 
    10da     11be        0     1                 .L0 
    10da     11be        0     1                 .L0 
    10dc     11c0        0     1                 .L0 
    10de     11c2        0     1                 .L0 
    10e2     11c6        0     1                 .L0 
    10e6     11ca        0     1                 .L0 
    10e8     11cc        0     1                 .L0 
    10ea     11ce        0     1                 .L0 
    10ea     11ce        0     1                 .L0 
    10f2     11d6        0     1                 .L0 
    10f6     11da        0     1                 .L0 
    10f8     11dc        0     1                 .L0 
    10fc     11e0        0     1                 .L0 
    10fe     11e2        0     1                 .L0 
    1100     11e4        0     1                 .L0 
    1100     11e4        0     1                 .L0 
    1102     11e6        0     1                 .L0 
    1106     11ea        0     1                 .L0 
    1108     11ec        0     1                 .L0 
    1108     11ec        0     1                 .L0 
    1108     11ec        0     1                 .L0 
    111c     1200        0     1                 .L0 
    111c     1200        0     1                 .L0 
    111e     1202        0     1                 .L0 
    1122     1206        0     1                 .L0 
    1122     1206        0     1                 .L0 
    1122     1206       14     2         ./src/list.o:(.text.vListInitialise)
    1122     1206        0     1                 .L0 
    1122     1206        0     1                 .L0 
    1122     1206        0     1                 $x
    1122     1206        0     1                 .L0 
    1122     1206       14     1                 vListInitialise
    1126     120a        0     1                 .L0 
    112a     120e        0     1                 .L0 
    112c     1210        0     1                 .L0 
    112e     1212        0     1                 .L0 
    1130     1214        0     1                 .L0 
    1134     1218        0     1                 .L0 
    1136     121a        0     1                 .L0 
    1136     121a        6     2         ./src/list.o:(.text.vListInitialiseItem)
    1136     121a        0     1                 .L0 
    1136     121a        0     1                 .L0 
    1136     121a        0     1                 $x
    1136     121a        0     1                 .L0 
    1136     121a        6     1                 vListInitialiseItem
    113a     121e        0     1                 .L0 
    113c     1220        0     1                 .L0 
    113c     1220       2e     2         ./src/list.o:(.text.vListInsert)
    113c     1220        0     1                 .L0 
    113c     1220        0     1                 .L0 
    113c     1220        0     1                 $x
    113c     1220        0     1                 .L0 
    113c     1220       2e     1                 vListInsert
    113e     1222        0     1                 .L0 
    1140     1224        0     1                 .L0 
    1144     1228        0     1                 .L0 
    1148     122c        0     1                 .L0 
    1148     122c        0     1                 .L0 
    114a     122e        0     1                 .L0 
    114a     122e        0     1                 .L0 
    114c     1230        0     1                 .L0 
    114e     1232        0     1                 .L0 
    1154     1238        0     1                 .L0 
    1154     1238        0     1                 .L0 
    1154     1238        0     1                 .L0 
    1156     123a        0     1                 .L0 
    1156     123a        0     1                 .L0 
    1156     123a        0     1                 .L0 
    1158     123c        0     1                 .L0 
    1158     123c        0     1                 .L0 
    115a     123e        0     1                 .L0 
    115c     1240        0     1                 .L0 
    115e     1242        0     1                 .L0 
    1160     1244        0     1                 .L0 
    1162     1246        0     1                 .L0 
    1164     1248        0     1                 .L0 
    1164     1248        0     1                 .L0 
    1166     124a        0     1                 .L0 
    1168     124c        0     1                 .L0 
    116a     124e        0     1                 .L0 
    116a     124e        0     1                 .L0 
    116a     124e       24     2         ./src/list.o:(.text.uxListRemove)
    116a     124e        0     1                 .L0 
    116a     124e        0     1                 .L0 
    116a     124e        0     1                 $x
    116a     124e        0     1                 .L0 
    116a     124e       24     1                 uxListRemove
    116c     1250        0     1                 .L0 
    116e     1252        0     1                 .L0 
    1170     1254        0     1                 .L0 
    1172     1256        0     1                 .L0 
    1174     1258        0     1                 .L0 
    1176     125a        0     1                 .L0 
    1178     125c        0     1                 .L0 
    117a     125e        0     1                 .L0 
    117e     1262        0     1                 .L0 
    1180     1264        0     1                 .L0 
    1182     1266        0     1                 .L0 
    1182     1266        0     1                 .L0 
    1186     126a        0     1                 .L0 
    1188     126c        0     1                 .L0 
    1188     126c        0     1                 .L0 
    118a     126e        0     1                 .L0 
    118c     1270        0     1                 .L0 
    118e     1272        0     1                 .L0 
    118e     1272        0     1                 .L0 
    118e     1272        6     2         ./src/main.o:(.text.vApplicationMallocFailedHook)
    118e     1272        0     1                 .L0 
    118e     1272        0     1                 .L0 
    118e     1272        0     1                 $x
    118e     1272        0     1                 .L0 
    118e     1272        6     1                 vApplicationMallocFailedHook
    1192     1276        0     1                 .L0 
    1192     1276        0     1                 .L0 
    1194     1278        0     1                 .L0 
    1194     1278        0     1                 .L0 
    1194     1278       58     2         ./src/main.o:(.text.main)
    1194     1278        0     1                 .L0 
    1194     1278        0     1                 .L0 
    1194     1278        0     1                 $x
    1194     1278        0     1                 .L0 
    1194     1278       58     1                 main
    119c     1280        0     1                 .L0 
    11a2     1286        0     1                 .L0 
    11aa     128e        0     1                 .L0 
    11b2     1296        0     1                 .L0 
    11b2     1296        0     1                 .L0 
    11b4     1298        0     1                 .L0 
    11b4     1298        0     1                 .L0 
    11bc     12a0        0     1                 .L0 
    11bc     12a0        0     1                 .L0 
    11c4     12a8        0     1                 .L0 
    11e6     12ca        0     1                 .L0 
    11e6     12ca        0     1                 .L0 
    11ea     12ce        0     1                 .L0 
    11ea     12ce        0     1                 .L0 
    11ea     12ce        0     1                 .L0 
    11ec     12d0        0     1                 .L0 
    11ec     12d0        0     1                 .L0 
    11ec     12d0       26     2         ./src/main.o:(.text.prvBlinkyTask)
    11ec     12d0       26     1                 prvBlinkyTask
    11ec     12d0        0     1                 .L0 
    11ec     12d0        0     1                 .L0 
    11ec     12d0        0     1                 $x
    11ec     12d0        0     1                 .L0 
    11f6     12da        0     1                 .L0 
    11f6     12da        0     1                 .L0 
    11f8     12dc        0     1                 .L0 
    120a     12ee        0     1                 .L0 
    1210     12f4        0     1                 .L0 
    1210     12f4        0     1                 .L0 
    1212     12f6        0     1                 .L0 
    1212     12f6        0     1                 .L0 
    1212     12f6       66     2         ./src/port.o:(.text.vPortSetupTimerInterrupt)
    1212     12f6        0     1                 .L0 
    1212     12f6        0     1                 .L0 
    1212     12f6        0     1                 $x
    1212     12f6        0     1                 .L0 
    1212     12f6       66     1                 vPortSetupTimerInterrupt
    1214     12f8        0     1                 .L0 
    121a     12fe        0     1                 .L0 
    1224     1308        0     1                 .L0 
    122a     130e        0     1                 .L0 
    1232     1316        0     1                 .L0 
    1232     1316        0     1                 .L0 
    1234     1318        0     1                 .L0 
    1234     1318        0     1                 .L0 
    1236     131a        0     1                 .L0 
    1236     131a        0     1                 .L0 
    1238     131c        0     1                 .L0 
    123c     1320        0     1                 .L0 
    1242     1326        0     1                 .L0 
    124a     132e        0     1                 .L0 
    124c     1330        0     1                 .L0 
    1258     133c        0     1                 .L0 
    125c     1340        0     1                 .L0 
    1274     1358        0     1                 .L0 
    1278     135c        0     1                 .L0 
    1278     135c        0     1                 .L0 
    1278     135c       1a     2         ./src/port.o:(.text.xPortStartScheduler)
    1278     135c        0     1                 .L0 
    1278     135c        0     1                 .L0 
    1278     135c        0     1                 $x
    1278     135c        0     1                 .L0 
    1278     135c       1a     1                 xPortStartScheduler
    127c     1360        0     1                 .L0 
    127e     1362        0     1                 .L0 
    127e     1362        0     1                 .L0 
    1282     1366        0     1                 .L0 
    1286     136a        0     1                 .L0 
    128a     136e        0     1                 .L0 
    128a     136e        0     1                 .L0 
    128e     1372        0     1                 .L0 
    1292     1376        0     1                 .L0 
    1292     1376        0     1                 .L0 
    1300     13e4      14a   256         ./src/portASM.o:(.text.freertos_risc_v_trap_handler)
    1300     13e4        0     1                 .L0 
    1300     13e4        0     1                 $x
    1300     13e4        0     1                 .L0 
    1300     13e4        0     1                 freertos_risc_v_trap_handler
    1304     13e8        0     1                 .L0 
    1306     13ea        0     1                 .L0 
    1308     13ec        0     1                 .L0 
    130a     13ee        0     1                 .L0 
    130c     13f0        0     1                 .L0 
    130e     13f2        0     1                 .L0 
    1310     13f4        0     1                 .L0 
    1312     13f6        0     1                 .L0 
    1314     13f8        0     1                 .L0 
    1316     13fa        0     1                 .L0 
    1318     13fc        0     1                 .L0 
    131a     13fe        0     1                 .L0 
    131c     1400        0     1                 .L0 
    131e     1402        0     1                 .L0 
    1320     1404        0     1                 .L0 
    1322     1406        0     1                 .L0 
    1324     1408        0     1                 .L0 
    1326     140a        0     1                 .L0 
    1328     140c        0     1                 .L0 
    132a     140e        0     1                 .L0 
    132c     1410        0     1                 .L0 
    132e     1412        0     1                 .L0 
    1330     1414        0     1                 .L0 
    1332     1416        0     1                 .L0 
    1334     1418        0     1                 .L0 
    1336     141a        0     1                 .L0 
    1338     141c        0     1                 .L0 
    133a     141e        0     1                 .L0 
    133c     1420        0     1                 .Lpcrel_hi23
    133c     1420        0     1                 .L0 
    1344     1428        0     1                 .L0 
    1346     142a        0     1                 .L0 
    134a     142e        0     1                 .L0 
    134c     1430        0     1                 .Lpcrel_hi24
    134c     1430        0     1                 .L0 
    1354     1438        0     1                 .L0 
    1358     143c        0     1                 .L0 
    135c     1440        0     1                 .L0 
    1360     1444        0     1                 .L0 
    1364     1448        0     1                 asynchronous_interrupt
    1364     1448        0     1                 .L0 
    1364     1448        0     1                 .L0 
    1366     144a        0     1                 .Lpcrel_hi25
    1366     144a        0     1                 .L0 
    136e     1452        0     1                 .L0 
    1370     1454        0     1                 synchronous_exception
    1370     1454        0     1                 .L0 
    1370     1454        0     1                 .L0 
    1372     1456        0     1                 .L0 
    1374     1458        0     1                 .Lpcrel_hi26
    1374     1458        0     1                 .L0 
    137c     1460        0     1                 .L0 
    137e     1462        0     1                 handle_interrupt
    137e     1462        0     1                 .L0 
    137e     1462        0     1                 test_if_mtimer
    137e     1462        0     1                 .L0 
    137e     1462        0     1                 .L0 
    1380     1464        0     1                 .L0 
    1382     1466        0     1                 .L0 
    1386     146a        0     1                 .L0 
    138a     146e        0     1                 .Lpcrel_hi27
    138a     146e        0     1                 .L0 
    1392     1476        0     1                 .Lpcrel_hi28
    1392     1476        0     1                 .L0 
    139a     147e        0     1                 .L0 
    139c     1480        0     1                 .L0 
    139e     1482        0     1                 .L0 
    13a0     1484        0     1                 .L0 
    13a2     1486        0     1                 .L0 
    13a4     1488        0     1                 .L0 
    13a6     148a        0     1                 .Lpcrel_hi29
    13a6     148a        0     1                 .L0 
    13ae     1492        0     1                 .L0 
    13b2     1496        0     1                 .L0 
    13b6     149a        0     1                 .L0 
    13ba     149e        0     1                 .L0 
    13bc     14a0        0     1                 .L0 
    13c0     14a4        0     1                 .L0 
    13c4     14a8        0     1                 .L0 
    13c6     14aa        0     1                 .L0 
    13ca     14ae        0     1                 .L0 
    13cc     14b0        0     1                 application_interrupt_handler
    13cc     14b0        0     1                 .L0 
    13cc     14b0        0     1                 .L0 
    13d0     14b4        0     1                 .L0 
    13d2     14b6        0     1                 handle_exception
    13d2     14b6        0     1                 .L0 
    13d2     14b6        0     1                 .L0 
    13d4     14b8        0     1                 .L0 
[...]
__ebss                                            /home/user0/e2_studio/workspace/freertos_port/generate/linker_script.ld:176
                                                  ./src/smc_gen/r_bsp/mcu/all/start.o
memset                                            /home/user0/e2_studio/workspace/freertos_port/HardwareDebug/libfreertos_port.a(libc_a-memset.o)
                                                  ./src/smc_gen/r_bsp/mcu/all/start.o
                                                  ./src/heap_4.o
                                                  ./src/tasks.o
                                                  /home/user0/e2_studio/workspace/freertos_port/HardwareDebug/libfreertos_port.a(libc_a-findfp.o)
__datastart                                       /home/user0/e2_studio/workspace/freertos_port/generate/linker_script.ld:135
                                                  ./src/smc_gen/r_bsp/mcu/all/start.o
__romdatastart                                    /home/user0/e2_studio/workspace/freertos_port/generate/linker_script.ld:145
                                                  ./src/smc_gen/r_bsp/mcu/all/start.o
__romdatacopysize                                 /home/user0/e2_studio/workspace/freertos_port/generate/linker_script.ld:146
                                                  ./src/smc_gen/r_bsp/mcu/all/start.o
memcpy                                            /home/user0/e2_studio/workspace/freertos_port/HardwareDebug/libfreertos_port.a(libc_a-memcpy.o)
                                                  ./src/smc_gen/r_bsp/mcu/all/start.o
                                                  ./src/queue.o
__dataeccramstart                                 /home/user0/e2_studio/workspace/freertos_port/generate/linker_script.ld:152
                                                  ./src/smc_gen/r_bsp/mcu/all/start.o
__romdataeccramstart                              /home/user0/e2_studio/workspace/freertos_port/generate/linker_script.ld:160
                                                  ./src/smc_gen/r_bsp/mcu/all/start.o
__romdataeccramcopysize                           /home/user0/e2_studio/workspace/freertos_port/generate/linker_script.ld:161
                                                  ./src/smc_gen/r_bsp/mcu/all/start.o
bsp_init_hardware                                 ./src/smc_gen/r_bsp/board/generic_r9a02g021/r_bsp_init.o
                                                  ./src/smc_gen/r_bsp/mcu/all/start.o
__libc_init_array                                 /home/user0/e2_studio/workspace/freertos_port/HardwareDebug/libfreertos_port.a(libc_a-init.o)
                                                  ./src/smc_gen/r_bsp/mcu/all/start.o
main                                              ./src/main.o
                                                  ./src/smc_gen/r_bsp/mcu/all/start.o
exit                                              /home/user0/e2_studio/workspace/freertos_port/HardwareDebug/libfreertos_port.a(libc_a-exit.o)
                                                  ./src/smc_gen/r_bsp/mcu/all/start.o
hdwinit                                           ./src/smc_gen/r_bsp/board/generic_r9a02g021/hdwinit.o
                                                  ./src/smc_gen/r_bsp/board/generic_r9a02g021/r_bsp_init.o
R_Systeminit                                      ./src/smc_gen/general/r_cg_systeminit.o
                                                  ./src/smc_gen/r_bsp/board/generic_r9a02g021/hdwinit.o
INT_ACLINT_MSIP                                   ./src/smc_gen/general/r_cg_inthandler.o
                                                  ./src/smc_gen/general/r_cg_vect_table.o
INT_ACLINT_MTIP                                   ./src/smc_gen/general/r_cg_inthandler.o
                                                  ./src/smc_gen/general/r_cg_vect_table.o
INT_IELSR0                                        ./src/smc_gen/general/r_cg_inthandler.o
                                                  ./src/smc_gen/general/r_cg_vect_table.o
INT_IELSR1                                        ./src/smc_gen/general/r_cg_inthandler.o
                                                  ./src/smc_gen/general/r_cg_vect_table.o
INT_IELSR2                                        ./src/smc_gen/general/r_cg_inthandler.o
                                                  ./src/smc_gen/general/r_cg_vect_table.o
INT_IELSR3                                        ./src/smc_gen/general/r_cg_inthandler.o
                                                  ./src/smc_gen/general/r_cg_vect_table.o
INT_IELSR5                                        ./src/smc_gen/general/r_cg_inthandler.o
                                                  ./src/smc_gen/general/r_cg_vect_table.o
INT_IELSR6                                        ./src/smc_gen/general/r_cg_inthandler.o
                                                  ./src/smc_gen/general/r_cg_vect_table.o
INT_IELSR7                                        ./src/smc_gen/general/r_cg_inthandler.o
                                                  ./src/smc_gen/general/r_cg_vect_table.o
INT_IELSR8                                        ./src/smc_gen/general/r_cg_inthandler.o
                                                  ./src/smc_gen/general/r_cg_vect_table.o
INT_IELSR9                                        ./src/smc_gen/general/r_cg_inthandler.o
                                                  ./src/smc_gen/general/r_cg_vect_table.o
INT_IELSR10                                       ./src/smc_gen/general/r_cg_inthandler.o
                                                  ./src/smc_gen/general/r_cg_vect_table.o
INT_IELSR11                                       ./src/smc_gen/general/r_cg_inthandler.o
                                                  ./src/smc_gen/general/r_cg_vect_table.o
INT_IELSR12                                       ./src/smc_gen/general/r_cg_inthandler.o
                                                  ./src/smc_gen/general/r_cg_vect_table.o
INT_IELSR13                                       ./src/smc_gen/general/r_cg_inthandler.o
                                                  ./src/smc_gen/general/r_cg_vect_table.o
INT_IELSR14                                       ./src/smc_gen/general/r_cg_inthandler.o
                                                  ./src/smc_gen/general/r_cg_vect_table.o
INT_IELSR15                                       ./src/smc_gen/general/r_cg_inthandler.o
                                                  ./src/smc_gen/general/r_cg_vect_table.o
INT_IELSR16                                       ./src/smc_gen/general/r_cg_inthandler.o
                                                  ./src/smc_gen/general/r_cg_vect_table.o
INT_IELSR17                                       ./src/smc_gen/general/r_cg_inthandler.o
                                                  ./src/smc_gen/general/r_cg_vect_table.o
INT_IELSR18                                       ./src/smc_gen/general/r_cg_inthandler.o
                                                  ./src/smc_gen/general/r_cg_vect_table.o
INT_IELSR19                                       ./src/smc_gen/general/r_cg_inthandler.o
                                                  ./src/smc_gen/general/r_cg_vect_table.o
INT_IELSR20                                       ./src/smc_gen/general/r_cg_inthandler.o
                                                  ./src/smc_gen/general/r_cg_vect_table.o
INT_IELSR21                                       ./src/smc_gen/general/r_cg_inthandler.o
                                                  ./src/smc_gen/general/r_cg_vect_table.o
INT_IELSR22                                       ./src/smc_gen/general/r_cg_inthandler.o
                                                  ./src/smc_gen/general/r_cg_vect_table.o
INT_IELSR23                                       ./src/smc_gen/general/r_cg_inthandler.o
                                                  ./src/smc_gen/general/r_cg_vect_table.o
INT_IELSR24                                       ./src/smc_gen/general/r_cg_inthandler.o
                                                  ./src/smc_gen/general/r_cg_vect_table.o
INT_IELSR25                                       ./src/smc_gen/general/r_cg_inthandler.o
                                                  ./src/smc_gen/general/r_cg_vect_table.o
INT_IELSR26                                       ./src/smc_gen/general/r_cg_inthandler.o
                                                  ./src/smc_gen/general/r_cg_vect_table.o
INT_IELSR27                                       ./src/smc_gen/general/r_cg_inthandler.o
                                                  ./src/smc_gen/general/r_cg_vect_table.o
INT_IELSR28                                       ./src/smc_gen/general/r_cg_inthandler.o
                                                  ./src/smc_gen/general/r_cg_vect_table.o
INT_IELSR29                                       ./src/smc_gen/general/r_cg_inthandler.o
                                                  ./src/smc_gen/general/r_cg_vect_table.o
INT_IELSR30                                       ./src/smc_gen/general/r_cg_inthandler.o
                                                  ./src/smc_gen/general/r_cg_vect_table.o
INT_IELSR31                                       ./src/smc_gen/general/r_cg_inthandler.o
                                                  ./src/smc_gen/general/r_cg_vect_table.o
INT_DUMMY                                         ./src/smc_gen/general/r_cg_inthandler.o
                                                  ./src/smc_gen/general/r_cg_vect_table.o
R_CGC_Create                                      ./src/smc_gen/general/r_smc_cgc.o
                                                  ./src/smc_gen/general/r_cg_systeminit.o
R_Config_PORT_Create                              ./src/smc_gen/Config_PORT/Config_PORT.o
                                                  ./src/smc_gen/general/r_cg_systeminit.o
R_Config_ICU_Create                               ./src/smc_gen/Config_ICU/Config_ICU.o
                                                  ./src/smc_gen/general/r_cg_systeminit.o
freertos_risc_v_trap_handler                      ./src/portASM.o
                                                  ./src/smc_gen/general/r_cg_vect_table.o
gp_Vectors                                        ./src/smc_gen/general/r_cg_vect_table.o
r_Config_ICU_irq4_interrupt                       ./src/smc_gen/Config_ICU/Config_ICU_user.o
                                                  ./src/smc_gen/general/r_cg_vect_table.o
gp_ExceptVectors                                  ./src/smc_gen/general/r_cg_vect_table.o
R_CGC_Create_UserInit                             ./src/smc_gen/general/r_smc_cgc_user.o
                                                  ./src/smc_gen/general/r_smc_cgc.o
R_Config_PORT_Create_UserInit                     ./src/smc_gen/Config_PORT/Config_PORT_user.o
                                                  ./src/smc_gen/Config_PORT/Config_PORT.o
R_Config_ICU_Create_UserInit                      ./src/smc_gen/Config_ICU/Config_ICU_user.o
                                                  ./src/smc_gen/Config_ICU/Config_ICU.o
R_Config_ICU_IRQ4_Start                           ./src/smc_gen/Config_ICU/Config_ICU.o
                                                  ./src/main.o
blinkDelay                                        ./src/smc_gen/Config_ICU/Config_ICU_user.o
pvPortMalloc                                      ./src/heap_4.o
                                                  ./src/queue.o
                                                  ./src/tasks.o
                                                  ./src/timers.o
vTaskSuspendAll                                   ./src/tasks.o
                                                  ./src/heap_4.o
                                                  ./src/queue.o
                                                  ./src/timers.o
xTaskResumeAll                                    ./src/tasks.o
                                                  ./src/heap_4.o
                                                  ./src/queue.o
                                                  ./src/timers.o
vApplicationMallocFailedHook                      ./src/main.o
                                                  ./src/heap_4.o
vPortFree                                         ./src/heap_4.o
                                                  ./src/queue.o
                                                  ./src/tasks.o
                                                  ./src/timers.o
xCriticalNesting                                  ./src/port.o
                                                  ./src/heap_4.o
                                                  ./src/portASM.o
                                                  ./src/queue.o
                                                  ./src/tasks.o
                                                  ./src/timers.o
vListInitialise                                   ./src/list.o
                                                  ./src/queue.o
                                                  ./src/tasks.o
                                                  ./src/timers.o
vListInitialiseItem                               ./src/list.o
                                                  ./src/tasks.o
                                                  ./src/timers.o
vListInsert                                       ./src/list.o
                                                  ./src/tasks.o
                                                  ./src/timers.o
uxListRemove                                      ./src/list.o
                                                  ./src/tasks.o
                                                  ./src/timers.o
xQueueGenericCreate                               ./src/queue.o
                                                  ./src/main.o
                                                  ./src/timers.o
xTaskCreate                                       ./src/tasks.o
                                                  ./src/main.o
                                                  ./src/timers.o
vTaskStartScheduler                               ./src/tasks.o
                                                  ./src/main.o
vTaskDelay                                        ./src/tasks.o
                                                  ./src/main.o
vPortSetupTimerInterrupt                          ./src/port.o
pullMachineTimerCompareRegister                   ./src/port.o
                                                  ./src/portASM.o
ullNextTime                                       ./src/port.o
xPortStartScheduler                               ./src/port.o
                                                  ./src/tasks.o
xPortStartFirstTask                               ./src/portASM.o
                                                  ./src/port.o
xISRStackTop                                      ./src/port.o
                                                  ./src/portASM.o
__freertos_irq_stack_top                          /home/user0/e2_studio/workspace/freertos_port/generate/linker_script.ld:195
                                                  ./src/port.o
pullNextTime                                      ./src/port.o
                                                  ./src/portASM.o
uxTimerIncrementsForOneTick                       ./src/port.o
                                                  ./src/portASM.o
pxCriticalNesting                                 ./src/port.o
                                                  ./src/portASM.o
xTaskReturnAddress                                ./src/port.o
                                                  ./src/portASM.o
pxPortInitialiseStack                             ./src/portASM.o
                                                  ./src/tasks.o
freertos_risc_v_application_exception_handler     ./src/portASM.o
freertos_risc_v_application_interrupt_handler     ./src/portASM.o
pxCurrentTCB                                      ./src/tasks.o
                                                  ./src/portASM.o
vTaskSwitchContext                                ./src/tasks.o
                                                  ./src/portASM.o
xTaskIncrementTick                                ./src/tasks.o
                                                  ./src/portASM.o
xTaskRemoveFromEventList                          ./src/tasks.o
                                                  ./src/queue.o
vTaskInternalSetTimeOutState                      ./src/tasks.o
                                                  ./src/queue.o
xTaskCheckForTimeOut                              ./src/tasks.o
                                                  ./src/queue.o
vTaskPlaceOnEventList                             ./src/tasks.o
                                                  ./src/queue.o
vTaskMissedYield                                  ./src/tasks.o
                                                  ./src/queue.o
xQueueReceive                                     ./src/queue.o
                                                  ./src/timers.o
vQueueWaitForMessageRestricted                    ./src/queue.o
                                                  ./src/timers.o
vTaskPlaceOnEventListRestricted                   ./src/tasks.o
                                                  ./src/queue.o
xTimerCreateTimerTask                             ./src/timers.o
                                                  ./src/tasks.o
xTaskGetTickCount                                 ./src/tasks.o
                                                  ./src/timers.o
__call_exitprocs                                  /home/user0/e2_studio/workspace/freertos_port/HardwareDebug/libfreertos_port.a(libc_a-__call_atexit.o)
                                                  /home/user0/e2_studio/workspace/freertos_port/HardwareDebug/libfreertos_port.a(libc_a-exit.o)
__stdio_exit_handler                              /home/user0/e2_studio/workspace/freertos_port/HardwareDebug/libfreertos_port.a(libc_a-findfp.o)
                                                  /home/user0/e2_studio/workspace/freertos_port/HardwareDebug/libfreertos_port.a(libc_a-exit.o)
__atexit                                          /home/user0/e2_studio/workspace/freertos_port/HardwareDebug/libfreertos_port.a(libc_a-__call_atexit.o)
__preinit_array_start                             /home/user0/e2_studio/workspace/freertos_port/generate/linker_script.ld:78
                                                  /home/user0/e2_studio/workspace/freertos_port/HardwareDebug/libfreertos_port.a(libc_a-init.o)
__preinit_array_end                               /home/user0/e2_studio/workspace/freertos_port/generate/linker_script.ld:80
                                                  /home/user0/e2_studio/workspace/freertos_port/HardwareDebug/libfreertos_port.a(libc_a-init.o)
__init_array_start                                /home/user0/e2_studio/workspace/freertos_port/generate/linker_script.ld:81
                                                  /home/user0/e2_studio/workspace/freertos_port/HardwareDebug/libfreertos_port.a(libc_a-init.o)
__init_array_end                                  /home/user0/e2_studio/workspace/freertos_port/generate/linker_script.ld:84
                                                  /home/user0/e2_studio/workspace/freertos_port/HardwareDebug/libfreertos_port.a(libc_a-init.o)
end                                               /home/user0/e2_studio/workspace/freertos_port/generate/linker_script.ld:177
                                                  /home/user0/custom_installed/e2_studio/toolchains/llvm-19.1.7.202501-riscv-elf/llvm-for-renesas-riscv/bin/../lib/clang-runtimes/riscv32-unknown-elf/rv32imaczba_zbb_zbs/ilp32/lib/libnosys.a(sbrk.o)
