     VMA      LMA     Size Align Out     In      Symbol
       0        0       94     2 .vec
       0        0       94     2         ./src/smc_gen/r_bsp/mcu/all/start.o:(.text)
       0        0        0     1                 .L0 
       0        0        0     1                 .Ltmp0
       0        0        0     1                 $x
       0        0        0     1                 .L0 
       0        0       94     1                 _PowerON_Reset
       4        4        0     1                 .L0 
       8        8        0     1                 .Lpcrel_hi0
       8        8        0     1                 .L0 
      10       10        0     1                 .L0 
      12       12        0     1                 .L0 
      16       16        0     1                 .L0 
      1a       1a        0     1                 .Lpcrel_hi1
      1a       1a        0     1                 .L0 
      22       22        0     1                 .Lpcrel_hi2
      22       22        0     1                 .L0 
      2a       2a        0     1                 .L0 
      2c       2c        0     1                 .L0 
      2e       2e        0     1                 .L0 
      32       32        0     1                 .Lpcrel_hi3
      32       32        0     1                 .L0 
      3a       3a        0     1                 .Lpcrel_hi4
      3a       3a        0     1                 .L0 
      42       42        0     1                 .Lpcrel_hi5
      42       42        0     1                 .L0 
      4a       4a        0     1                 .L0 
      4e       4e        0     1                 .Lpcrel_hi6
      4e       4e        0     1                 .L0 
      56       56        0     1                 .Lpcrel_hi7
      56       56        0     1                 .L0 
      5e       5e        0     1                 .Lpcrel_hi8
      5e       5e        0     1                 .L0 
      66       66        0     1                 .L0 
      6a       6a        0     1                 .L0 
      6e       6e        0     1                 .Lpcrel_hi9
      6e       6e        0     1                 .L0 
      76       76        0     1                 .L0 
      78       78        0     1                 .Lpcrel_hi10
      78       78        0     1                 .L0 
      80       80        0     1                 .L0 
      82       82        0     1                 .Lweak_atexit
      82       82        0     1                 .L0 
      86       86        0     1                 .L0 
      88       88        0     1                 .L0 
      8a       8a        0     1                 .L0 
      8c       8c        0     1                 .L0 
      90       90        0     1                 .L0 
      94       94        0     1                 .L0 
      c0       c0       cc     4 .vects
      c0       c0       cc     4         ./src/smc_gen/general/r_cg_vect_table.o:(.vects)
      c0       c0        0     1                 $d
      c0       c0       cc     1                 gp_Vectors
     1c0      1c0        4     4 .nvect
     1c0      1c0        4     4         ./src/smc_gen/general/r_cg_vect_table.o:(.nvect)
     1c0      1c0        0     1                 $d
     1c0      1c0        4     1                 gp_ExceptVectors
     400      400        4     4 .option_ofs0
     400      400        4     4         ./src/smc_gen/r_bsp/mcu/r9a02g021/mcu_option_settings.o:(.option_ofs0)
     400      400        0     1                 $d
     400      400        4     1                 __OFS0reg
     404      404        4     4 .option_ofs1
     404      404        4     4         ./src/smc_gen/r_bsp/mcu/r9a02g021/mcu_option_settings.o:(.option_ofs1)
     404      404        0     1                 $d
     404      404        4     1                 __OFS1reg
     408      408       34     4 .option_frp
     408      408       34     4         ./src/smc_gen/r_bsp/mcu/r9a02g021/mcu_option_settings.o:(.option_frp)
     408      408        0     1                 $d
     408      408       34     1                 Option_FPR
     800      800       10     4 .option_osis
     800      800       10     4         ./src/smc_gen/r_bsp/mcu/r9a02g021/mcu_option_settings.o:(.option_osis)
     800      800        0     1                 $d
     800      800       10     1                 Option_OSIS
     810      810        0     1 __mdata = .
     81c      81c     1dde     2 .text
     81c      81c       12     2         ./src/smc_gen/r_bsp/mcu/all/exit.o:(.text)
     81c      81c        0     1                 .L0 
     81c      81c        0     1                 $x
     81c      81c        0     1                 .L0 
     81c      81c        0     1                 _exit
     820      820        0     1                 .L0 
     822      822        0     1                 .L0 
     826      826        0     1                 .L0 
     828      828        0     1                 .L0 
     82a      82a        0     1                 .L0 
     82e      82e        0     1                 .L0 
     82e      82e        6     2         ./src/smc_gen/r_bsp/mcu/all/r_bsp_common_llvm.o:(.text)
     82e      82e        0     1                 .L0 
     82e      82e        0     1                 loop
     82e      82e        0     1                 .L0 
     82e      82e        0     1                 $x
     82e      82e        0     1                 .L0 
     82e      82e        0     1                 _delay_wait
     830      830        0     1                 .L0 
     832      832        0     1                 _exit
     832      832        0     1                 .L0 
     832      832        0     1                 .L0 
     834      834        0     1                 .L0 
     834      834       c2     2         ./src/portASM.o:(.text)
     834      834        0     1                 .L0 
     834      834        0     1                 $x
     834      834        0     1                 .L0 
     834      834        0     1                 pxPortInitialiseStack
     836      836        0     1                 .L0 
     83a      83a        0     1                 .L0 
     83e      83e        0     1                 .L0 
     840      840        0     1                 .L0 
     842      842        0     1                 .Lpcrel_hi0
     842      842        0     1                 .L0 
     84a      84a        0     1                 .L0 
     84e      84e        0     1                 .L0 
     850      850        0     1                 chip_specific_stack_frame
     850      850        0     1                 .L0 
     850      850        0     1                 .L0 
     854      854        0     1                 .L0 
     856      856        0     1                 .L0 
     85a      85a        0     1                 .L0 
     85c      85c        0     1                 .L0 
     85e      85e        0     1                 .Ltmp0
     85e      85e        0     1                 .L0 
     862      862        0     1                 .L0 
     866      866        0     1                 .L0 
     86a      86a        0     1                 .L0 
     86c      86c        0     1                 .L0 
     870      870        0     1                 .L0 
     872      872        0     1                 .L0 
     876      876        0     1                 .L0 
     878      878        0     1                 .L0 
     87a      87a        0     1                 .L0 
     87c      87c        0     1                 .L0 
     87c      87c        0     1                 .Lpcrel_hi1
     87c      87c        0     1                 .L0 
     87c      87c        0     1                 xPortStartFirstTask
     884      884        0     1                 .L0 
     886      886        0     1                 .L0 
     888      888        0     1                 .L0 
     88a      88a        0     1                 .L0 
     88c      88c        0     1                 .L0 
     890      890        0     1                 .L0 
     892      892        0     1                 .L0 
     894      894        0     1                 .L0 
     896      896        0     1                 .L0 
     898      898        0     1                 .L0 
     89a      89a        0     1                 .L0 
     89c      89c        0     1                 .L0 
     89e      89e        0     1                 .L0 
     8a0      8a0        0     1                 .L0 
     8a2      8a2        0     1                 .L0 
     8a4      8a4        0     1                 .L0 
     8a6      8a6        0     1                 .L0 
     8a8      8a8        0     1                 .L0 
     8aa      8aa        0     1                 .L0 
     8ac      8ac        0     1                 .L0 
     8ae      8ae        0     1                 .L0 
     8b0      8b0        0     1                 .L0 
     8b2      8b2        0     1                 .L0 
     8b4      8b4        0     1                 .L0 
     8b6      8b6        0     1                 .L0 
     8b8      8b8        0     1                 .L0 
     8ba      8ba        0     1                 .L0 
     8bc      8bc        0     1                 .L0 
     8be      8be        0     1                 .L0 
     8c0      8c0        0     1                 .L0 
     8c2      8c2        0     1                 .L0 
     8c4      8c4        0     1                 .Lpcrel_hi2
     8c4      8c4        0     1                 .L0 
     8cc      8cc        0     1                 .L0 
     8d0      8d0        0     1                 .L0 
     8d2      8d2        0     1                 .L0 
     8d4      8d4        0     1                 .L0 
     8d8      8d8        0     1                 .L0 
     8da      8da        0     1                 .L0 
     8da      8da        0     1                 .L0 
     8da      8da        0     1                 freertos_risc_v_application_exception_handler
     8de      8de        0     1                 .L0 
     8e2      8e2        0     1                 .L0 
     8e6      8e6        0     1                 .L0 
     8e6      8e6        0     1                 .L0 
     8e8      8e8        0     1                 .L0 
     8e8      8e8        0     1                 .L0 
     8e8      8e8        0     1                 freertos_risc_v_application_interrupt_handler
     8ec      8ec        0     1                 .L0 
     8f0      8f0        0     1                 .L0 
     8f4      8f4        0     1                 .L0 
     8f4      8f4        0     1                 .L0 
     8f6      8f6        0     1                 .L0 
     8f6      8f6      11c     2         ./src/smc_gen/r_bsp/mcu/r9a02g021/mcu_clocks.o:(.text.mcu_clock_setup)
     8f6      8f6        0     1                 .L0 
     8f6      8f6        0     1                 .L0 
     8f6      8f6        0     1                 $x
     8f6      8f6        0     1                 .L0 
     8f6      8f6      11c     1                 mcu_clock_setup
     90c      90c        0     1                 .L0 
     90c      90c        0     1                 .L0 
     912      912        0     1                 .L0 
     912      912        0     1                 .L0 
     916      916        0     1                 .L0 
     916      916        0     1                 .L0 
     91a      91a        0     1                 .L0 
     91c      91c        0     1                 .L0 
     920      920        0     1                 .L0 
     922      922        0     1                 .L0 
     922      922        0     1                 .L0 
     92a      92a        0     1                 .L0 
     92a      92a        0     1                 .L0 
     932      932        0     1                 .L0 
     936      936        0     1                 .L0 
     936      936        0     1                 .L0 
     93e      93e        0     1                 .L0 
     93e      93e        0     1                 .L0 
     93e      93e        0     1                 .L0 
     942      942        0     1                 .L0 
     942      942        0     1                 .L0 
     94c      94c        0     1                 .L0 
     94e      94e        0     1                 .L0 
     952      952        0     1                 .L0 
     956      956        0     1                 .L0 
     95a      95a        0     1                 .L0 
     95a      95a        0     1                 .L0 
     95e      95e        0     1                 .L0 
     95e      95e        0     1                 .L0 
     966      966        0     1                 .L0 
     96a      96a        0     1                 .L0 
     96c      96c        0     1                 .L0 
     96e      96e        0     1                 .L0 
     970      970        0     1                 .L0 
     974      974        0     1                 .L0 
     974      974        0     1                 .L0 
     97a      97a        0     1                 .L0 
     97c      97c        0     1                 .L0 
     984      984        0     1                 .L0 
     98a      98a        0     1                 .L0 
     98a      98a        0     1                 .L0 
     98e      98e        0     1                 .L0 
     992      992        0     1                 .L0 
     996      996        0     1                 .L0 
     9a0      9a0        0     1                 .L0 
     9a0      9a0        0     1                 .L0 
     9a0      9a0        0     1                 .L0 
     9a2      9a2        0     1                 .L0 
     9ae      9ae        0     1                 .L0 
     9b6      9b6        0     1                 .L0 
     9b6      9b6        0     1                 .L0 
     9ba      9ba        0     1                 .L0 
     9c0      9c0        0     1                 .L0 
     9c0      9c0        0     1                 .L0 
     9c8      9c8        0     1                 .L0 
     9cc      9cc        0     1                 .L0 
     9cc      9cc        0     1                 .L0 
     9d0      9d0        0     1                 .L0 
     9d0      9d0        0     1                 .L0 
     9d4      9d4        0     1                 .L0 
     9d6      9d6        0     1                 .L0 
     9da      9da        0     1                 .L0 
     9dc      9dc        0     1                 .L0 
     9dc      9dc        0     1                 .L0 
     9e4      9e4        0     1                 .L0 
     9e4      9e4        0     1                 .L0 
     9ec      9ec        0     1                 .L0 
     9f0      9f0        0     1                 .L0 
     9f0      9f0        0     1                 .L0 
     9f8      9f8        0     1                 .L0 
     9f8      9f8        0     1                 .L0 
     9f8      9f8        0     1                 .L0 
     9fa      9fa        0     1                 .L0 
     9fc      9fc        0     1                 .L0 
     a00      a00        0     1                 .L0 
     a0e      a0e        0     1                 .L0 
     a0e      a0e        0     1                 .L0 
     a12      a12        0     1                 .L0 
     a12      a12        0     1                 .L0 
     a12      a12       32     2         ./src/smc_gen/r_bsp/mcu/r9a02g021/mcu_clocks.o:(.text.get_iclk_freq_hz)
     a12      a12        0     1                 .L0 
     a12      a12        0     1                 .L0 
     a12      a12        0     1                 $x
     a12      a12        0     1                 .L0 
     a12      a12       32     1                 get_iclk_freq_hz
     a16      a16        0     1                 .L0 
     a1c      a1c        0     1                 .L0 
     a1c      a1c        0     1                 .L0 
     a30      a30        0     1                 .L0 
     a30      a30        0     1                 .L0 
     a30      a30        0     1                 .L0 
     a38      a38        0     1                 .L0 
     a38      a38        0     1                 .L0 
     a38      a38        0     1                 .L0 
     a3e      a3e        0     1                 .L0 
     a42      a42        0     1                 .L0 
     a44      a44        0     1                 .L0 
     a44      a44        0     1                 .L0 
     a44      a44      120     2         ./src/smc_gen/r_bsp/mcu/all/r_bsp_common.o:(.text.R_BSP_SoftwareDelay)
     a44      a44        0     1                 .L0 
     a44      a44        0     1                 .L0 
     a44      a44        0     1                 $x
     a44      a44        0     1                 .L0 
     a44      a44      120     1                 R_BSP_SoftwareDelay
     a50      a50        0     1                 .L0 
     a50      a50        0     1                 .L0 
     a52      a52        0     1                 .L0 
     a52      a52        0     1                 .L0 
     a5a      a5a        0     1                 .L0 
     a5a      a5a        0     1                 .L0 
     a5c      a5c        0     1                 .L0 
     a60      a60        0     1                 .L0 
     a62      a62        0     1                 .L0 
     a66      a66        0     1                 .L0 
     a68      a68        0     1                 .L0 
     a68      a68        0     1                 .L0 
     a6a      a6a        0     1                 .L0 
     a72      a72        0     1                 .L0 
     a7a      a7a        0     1                 .L0 
     a7e      a7e        0     1                 .L0 
     a82      a82        0     1                 .L0 
     a8c      a8c        0     1                 .L0 
     a8e      a8e        0     1                 .L0 
     aa2      aa2        0     1                 .L0 
     aa4      aa4        0     1                 .L0 
     aa4      aa4        0     1                 .L0 
     aa8      aa8        0     1                 .L0 
     aa8      aa8        0     1                 .L0 
     aac      aac        0     1                 .L0 
     ac6      ac6        0     1                 .L0 
     aee      aee        0     1                 .L0 
     af2      af2        0     1                 .L0 
     afa      afa        0     1                 .L0 
     afc      afc        0     1                 .L0 
     b00      b00        0     1                 .L0 
     b02      b02        0     1                 .L0 
     b04      b04        0     1                 .L0 
     b0a      b0a        0     1                 .L0 
     b0e      b0e        0     1                 .L0 
     b0e      b0e        0     1                 .L0 
     b0e      b0e        0     1                 .L0 
     b10      b10        0     1                 .L0 
     b1c      b1c        0     1                 .L0 
     b22      b22        0     1                 .L0 
     b24      b24        0     1                 .L0 
     b2a      b2a        0     1                 .L0 
     b2e      b2e        0     1                 .L0 
     b36      b36        0     1                 .L0 
     b38      b38        0     1                 .L0 
     b38      b38        0     1                 .L0 
     b3a      b3a        0     1                 .L0 
     b3a      b3a        0     1                 .L0 
     b44      b44        0     1                 .L0 
     b4a      b4a        0     1                 .L0 
     b4c      b4c        0     1                 .L0 
     b4e      b4e        0     1                 .L0 
     b50      b50        0     1                 .L0 
     b50      b50        0     1                 .L0 
     b50      b50        0     1                 .L0 
     b52      b52        0     1                 .L0 
     b54      b54        0     1                 .L0 
     b54      b54        0     1                 .L0 
     b56      b56        0     1                 .L0 
     b5a      b5a        0     1                 .L0 
     b5c      b5c        0     1                 .L0 
     b60      b60        0     1                 .L0 
     b60      b60        0     1                 .L0 
     b60      b60        0     1                 .L0 
     b62      b62        0     1                 .L0 
     b64      b64        0     1                 .L0 
     b64      b64        0     1                 .L0 
     b64      b64       ae     2         ./src/smc_gen/r_bsp/mcu/all/r_bsp_common.o:(.text.R_BSP_RegisterProtectEnable)
     b64      b64        0     1                 .L0 
     b64      b64        0     1                 .L0 
     b64      b64        0     1                 $x
     b64      b64        0     1                 .L0 
     b64      b64       ae     1                 R_BSP_RegisterProtectEnable
     b74      b74        0     1                 .L0 
     b76      b76        0     1                 .L0 
     b80      b80        0     1                 .L0 
     b80      b80        0     1                 .L0 
     b84      b84        0     1                 .L0 
     b86      b86        0     1                 .L0 
     b88      b88        0     1                 .L0 
     b88      b88        0     1                 .L0 
     b8a      b8a        0     1                 .L0 
     b8e      b8e        0     1                 .L0 
     b90      b90        0     1                 .L0 
     b94      b94        0     1                 .L0 
     b96      b96        0     1                 .L0 
     b9a      b9a        0     1                 .L0 
     b9e      b9e        0     1                 .L0 
     ba0      ba0        0     1                 .L0 
     ba4      ba4        0     1                 .L0 
     ba6      ba6        0     1                 .L0 
     ba6      ba6        0     1                 .L0 
     ba6      ba6        0     1                 .L0 
     ba8      ba8        0     1                 .L0 
     bac      bac        0     1                 .L0 
     bae      bae        0     1                 .L0 
     bb2      bb2        0     1                 .L0 
     bb6      bb6        0     1                 .L0 
     bb6      bb6        0     1                 .L0 
     bc2      bc2        0     1                 .L0 
     bce      bce        0     1                 .L0 
     bd0      bd0        0     1                 .L0 
     bd0      bd0        0     1                 .L0 
     bd0      bd0        0     1                 .L0 
     bd4      bd4        0     1                 .L0 
     bd8      bd8        0     1                 .L0 
     be4      be4        0     1                 .L0 
     bee      bee        0     1                 .L0 
     bf0      bf0        0     1                 .L0 
     bf4      bf4        0     1                 .L0 
     bf8      bf8        0     1                 .L0 
     bfa      bfa        0     1                 .L0 
     bfa      bfa        0     1                 .L0 
     bfa      bfa        0     1                 .L0 
     bfe      bfe        0     1                 .L0 
     c00      c00        0     1                 .L0 
     c04      c04        0     1                 .L0 
     c06      c06        0     1                 .L0 
     c06      c06        0     1                 .L0 
     c06      c06        0     1                 .L0 
     c0a      c0a        0     1                 .L0 
     c0c      c0c        0     1                 .L0 
     c10      c10        0     1                 .L0 
     c12      c12        0     1                 .L0 
     c12      c12        0     1                 .L0 
     c12      c12       a6     2         ./src/smc_gen/r_bsp/mcu/all/r_bsp_common.o:(.text.R_BSP_RegisterProtectDisable)
     c12      c12        0     1                 .L0 
     c12      c12        0     1                 .L0 
     c12      c12        0     1                 $x
     c12      c12        0     1                 .L0 
     c12      c12       a6     1                 R_BSP_RegisterProtectDisable
     c22      c22        0     1                 .L0 
     c24      c24        0     1                 .L0 
     c24      c24        0     1                 .L0 
     c24      c24        0     1                 .L0 
     c2e      c2e        0     1                 .L0 
     c30      c30        0     1                 .L0 
     c30      c30        0     1                 .L0 
     c30      c30        0     1                 .L0 
     c32      c32        0     1                 .L0 
     c36      c36        0     1                 .L0 
     c38      c38        0     1                 .L0 
     c3c      c3c        0     1                 .L0 
     c3e      c3e        0     1                 .L0 
     c42      c42        0     1                 .L0 
     c46      c46        0     1                 .L0 
     c48      c48        0     1                 .L0 
     c4c      c4c        0     1                 .L0 
     c4e      c4e        0     1                 .L0 
     c4e      c4e        0     1                 .L0 
     c4e      c4e        0     1                 .L0 
     c50      c50        0     1                 .L0 
     c54      c54        0     1                 .L0 
     c56      c56        0     1                 .L0 
     c5a      c5a        0     1                 .L0 
     c5e      c5e        0     1                 .L0 
     c5e      c5e        0     1                 .L0 
     c6a      c6a        0     1                 .L0 
     c76      c76        0     1                 .L0 
     c78      c78        0     1                 .L0 
     c78      c78        0     1                 .L0 
     c78      c78        0     1                 .L0 
     c7c      c7c        0     1                 .L0 
     c80      c80        0     1                 .L0 
     c8c      c8c        0     1                 .L0 
     c96      c96        0     1                 .L0 
     c9a      c9a        0     1                 .L0 
     ca0      ca0        0     1                 .L0 
     ca0      ca0        0     1                 .L0 
     ca0      ca0        0     1                 .L0 
     ca4      ca4        0     1                 .L0 
     ca6      ca6        0     1                 .L0 
     cac      cac        0     1                 .L0 
     cac      cac        0     1                 .L0 
     cac      cac        0     1                 .L0 
     cb0      cb0        0     1                 .L0 
     cb2      cb2        0     1                 .L0 
     cb6      cb6        0     1                 .L0 
     cb8      cb8        0     1                 .L0 
     cb8      cb8        0     1                 .L0 
     cb8      cb8       18     2         ./src/smc_gen/r_bsp/mcu/all/r_bsp_common.o:(.text.bsp_register_protect_open)
     cb8      cb8        0     1                 .L0 
     cb8      cb8        0     1                 .L0 
     cb8      cb8        0     1                 $x
     cb8      cb8        0     1                 .L0 
     cb8      cb8       18     1                 bsp_register_protect_open
     cc0      cc0        0     1                 .L0 
     cc4      cc4        0     1                 .L0 
     cc4      cc4        0     1                 .L0 
     cc4      cc4        0     1                 .L0 
     cc8      cc8        0     1                 .L0 
     cca      cca        0     1                 .L0 
     cce      cce        0     1                 .L0 
     cd0      cd0        0     1                 .L0 
     cd0      cd0        0     1                 .L0 
     cd0      cd0        2     2         ./src/smc_gen/r_bsp/mcu/all/r_bsp_machine_timer.o:(.text.machine_timer_create)
     cd0      cd0        0     1                 .L0 
     cd0      cd0        0     1                 .L0 
     cd0      cd0        0     1                 $x
     cd0      cd0        0     1                 .L0 
     cd0      cd0        2     1                 machine_timer_create
     cd2      cd2        0     1                 .L0 
     cd2      cd2       12     2         ./src/smc_gen/r_bsp/board/generic_r9a02g021/hdwinit.o:(.text.hdwinit)
     cd2      cd2        0     1                 .L0 
     cd2      cd2        0     1                 .L0 
     cd2      cd2        0     1                 $x
     cd2      cd2        0     1                 .L0 
     cd2      cd2       12     1                 hdwinit
     cd6      cd6        0     1                 .L0 
     cd8      cd8        0     1                 .L0 
     cd8      cd8        0     1                 .L0 
     cda      cda        0     1                 .L0 
     cda      cda        0     1                 .L0 
     cdc      cdc        0     1                 .L0 
     cde      cde        0     1                 .L0 
     cde      cde        0     1                 .L0 
     ce0      ce0        0     1                 .L0 
     ce0      ce0        0     1                 .L0 
     ce2      ce2        0     1                 .L0 
     ce4      ce4        0     1                 .L0 
     ce4      ce4        0     1                 .L0 
     ce4      ce4        0     1                 .L0 
     ce4      ce4       1c     2         ./src/smc_gen/r_bsp/board/generic_r9a02g021/r_bsp_init.o:(.text.bsp_init_system)
     ce4      ce4        0     1                 .L0 
     ce4      ce4        0     1                 .L0 
     ce4      ce4        0     1                 $x
     ce4      ce4        0     1                 .L0 
     ce4      ce4       1c     1                 bsp_init_system
     ce8      ce8        0     1                 .L0 
     cea      cea        0     1                 .L0 
     cea      cea        0     1                 .L0 
     cee      cee        0     1                 .L0 
     cfc      cfc        0     1                 .L0 
     d00      d00        0     1                 .L0 
     d00      d00        0     1                 .L0 
     d00      d00        2     2         ./src/smc_gen/r_bsp/board/generic_r9a02g021/r_bsp_init.o:(.text.bsp_init_hardware)
     d00      d00        0     1                 .L0 
     d00      d00        0     1                 .L0 
     d00      d00        0     1                 $x
     d00      d00        0     1                 .L0 
     d00      d00        2     1                 bsp_init_hardware
     d02      d02        0     1                 .L0 
     d02      d02        0     1                 .L0 
     d02      d02        4     2         ./src/smc_gen/general/r_cg_inthandler.o:(.text.INT_ACLINT_MSIP)
     d02      d02        0     1                 .L0 
     d02      d02        0     1                 .L0 
     d02      d02        0     1                 $x
     d02      d02        0     1                 .L0 
     d02      d02        4     1                 INT_ACLINT_MSIP
     d06      d06        0     1                 .L0 
     d06      d06        4     2         ./src/smc_gen/general/r_cg_inthandler.o:(.text.INT_ACLINT_MTIP)
     d06      d06        0     1                 .L0 
     d06      d06        0     1                 .L0 
     d06      d06        0     1                 $x
     d06      d06        0     1                 .L0 
     d06      d06        4     1                 INT_ACLINT_MTIP
     d0a      d0a        0     1                 .L0 
     d0a      d0a        4     2         ./src/smc_gen/general/r_cg_inthandler.o:(.text.INT_IELSR0)
     d0a      d0a        0     1                 .L0 
     d0a      d0a        0     1                 .L0 
     d0a      d0a        0     1                 $x
     d0a      d0a        0     1                 .L0 
     d0a      d0a        4     1                 INT_IELSR0
     d0e      d0e        0     1                 .L0 
     d0e      d0e        4     2         ./src/smc_gen/general/r_cg_inthandler.o:(.text.INT_IELSR1)
     d0e      d0e        0     1                 .L0 
     d0e      d0e        0     1                 .L0 
     d0e      d0e        0     1                 $x
     d0e      d0e        0     1                 .L0 
     d0e      d0e        4     1                 INT_IELSR1
     d12      d12        0     1                 .L0 
     d12      d12        4     2         ./src/smc_gen/general/r_cg_inthandler.o:(.text.INT_IELSR2)
     d12      d12        0     1                 .L0 
     d12      d12        0     1                 .L0 
     d12      d12        0     1                 $x
     d12      d12        0     1                 .L0 
     d12      d12        4     1                 INT_IELSR2
     d16      d16        0     1                 .L0 
     d16      d16        4     2         ./src/smc_gen/general/r_cg_inthandler.o:(.text.INT_IELSR3)
     d16      d16        0     1                 .L0 
     d16      d16        0     1                 .L0 
     d16      d16        0     1                 $x
     d16      d16        0     1                 .L0 
     d16      d16        4     1                 INT_IELSR3
     d1a      d1a        0     1                 .L0 
     d1a      d1a        4     2         ./src/smc_gen/general/r_cg_inthandler.o:(.text.INT_IELSR5)
     d1a      d1a        0     1                 .L0 
     d1a      d1a        0     1                 .L0 
     d1a      d1a        0     1                 $x
     d1a      d1a        0     1                 .L0 
     d1a      d1a        4     1                 INT_IELSR5
     d1e      d1e        0     1                 .L0 
     d1e      d1e        4     2         ./src/smc_gen/general/r_cg_inthandler.o:(.text.INT_IELSR6)
     d1e      d1e        0     1                 .L0 
     d1e      d1e        0     1                 .L0 
     d1e      d1e        0     1                 $x
     d1e      d1e        0     1                 .L0 
     d1e      d1e        4     1                 INT_IELSR6
     d22      d22        0     1                 .L0 
     d22      d22        4     2         ./src/smc_gen/general/r_cg_inthandler.o:(.text.INT_IELSR7)
     d22      d22        0     1                 .L0 
     d22      d22        0     1                 .L0 
     d22      d22        0     1                 $x
     d22      d22        0     1                 .L0 
     d22      d22        4     1                 INT_IELSR7
     d26      d26        0     1                 .L0 
     d26      d26        4     2         ./src/smc_gen/general/r_cg_inthandler.o:(.text.INT_IELSR8)
     d26      d26        0     1                 .L0 
     d26      d26        0     1                 .L0 
     d26      d26        0     1                 $x
     d26      d26        0     1                 .L0 
     d26      d26        4     1                 INT_IELSR8
     d2a      d2a        0     1                 .L0 
     d2a      d2a        4     2         ./src/smc_gen/general/r_cg_inthandler.o:(.text.INT_IELSR9)
     d2a      d2a        0     1                 .L0 
     d2a      d2a        0     1                 .L0 
     d2a      d2a        0     1                 $x
     d2a      d2a        0     1                 .L0 
     d2a      d2a        4     1                 INT_IELSR9
     d2e      d2e        0     1                 .L0 
     d2e      d2e        4     2         ./src/smc_gen/general/r_cg_inthandler.o:(.text.INT_IELSR10)
     d2e      d2e        0     1                 .L0 
     d2e      d2e        0     1                 .L0 
     d2e      d2e        0     1                 $x
     d2e      d2e        0     1                 .L0 
     d2e      d2e        4     1                 INT_IELSR10
     d32      d32        0     1                 .L0 
     d32      d32        4     2         ./src/smc_gen/general/r_cg_inthandler.o:(.text.INT_IELSR11)
     d32      d32        0     1                 .L0 
     d32      d32        0     1                 .L0 
     d32      d32        0     1                 $x
     d32      d32        0     1                 .L0 
     d32      d32        4     1                 INT_IELSR11
     d36      d36        0     1                 .L0 
     d36      d36        4     2         ./src/smc_gen/general/r_cg_inthandler.o:(.text.INT_IELSR12)
     d36      d36        0     1                 .L0 
     d36      d36        0     1                 .L0 
     d36      d36        0     1                 $x
     d36      d36        0     1                 .L0 
     d36      d36        4     1                 INT_IELSR12
     d3a      d3a        0     1                 .L0 
     d3a      d3a        4     2         ./src/smc_gen/general/r_cg_inthandler.o:(.text.INT_IELSR13)
     d3a      d3a        0     1                 .L0 
     d3a      d3a        0     1                 .L0 
     d3a      d3a        0     1                 $x
     d3a      d3a        0     1                 .L0 
     d3a      d3a        4     1                 INT_IELSR13
     d3e      d3e        0     1                 .L0 
     d3e      d3e        4     2         ./src/smc_gen/general/r_cg_inthandler.o:(.text.INT_IELSR14)
     d3e      d3e        0     1                 .L0 
     d3e      d3e        0     1                 .L0 
     d3e      d3e        0     1                 $x
     d3e      d3e        0     1                 .L0 
     d3e      d3e        4     1                 INT_IELSR14
     d42      d42        0     1                 .L0 
     d42      d42        4     2         ./src/smc_gen/general/r_cg_inthandler.o:(.text.INT_IELSR15)
     d42      d42        0     1                 .L0 
     d42      d42        0     1                 .L0 
     d42      d42        0     1                 $x
     d42      d42        0     1                 .L0 
     d42      d42        4     1                 INT_IELSR15
     d46      d46        0     1                 .L0 
     d46      d46        4     2         ./src/smc_gen/general/r_cg_inthandler.o:(.text.INT_IELSR16)
     d46      d46        0     1                 .L0 
     d46      d46        0     1                 .L0 
     d46      d46        0     1                 $x
     d46      d46        0     1                 .L0 
     d46      d46        4     1                 INT_IELSR16
     d4a      d4a        0     1                 .L0 
     d4a      d4a        4     2         ./src/smc_gen/general/r_cg_inthandler.o:(.text.INT_IELSR17)
     d4a      d4a        0     1                 .L0 
     d4a      d4a        0     1                 .L0 
     d4a      d4a        0     1                 $x
     d4a      d4a        0     1                 .L0 
     d4a      d4a        4     1                 INT_IELSR17
     d4e      d4e        0     1                 .L0 
     d4e      d4e        4     2         ./src/smc_gen/general/r_cg_inthandler.o:(.text.INT_IELSR18)
     d4e      d4e        0     1                 .L0 
     d4e      d4e        0     1                 .L0 
     d4e      d4e        0     1                 $x
     d4e      d4e        0     1                 .L0 
     d4e      d4e        4     1                 INT_IELSR18
     d52      d52        0     1                 .L0 
     d52      d52        4     2         ./src/smc_gen/general/r_cg_inthandler.o:(.text.INT_IELSR19)
     d52      d52        0     1                 .L0 
     d52      d52        0     1                 .L0 
     d52      d52        0     1                 $x
     d52      d52        0     1                 .L0 
     d52      d52        4     1                 INT_IELSR19
     d56      d56        0     1                 .L0 
     d56      d56        4     2         ./src/smc_gen/general/r_cg_inthandler.o:(.text.INT_IELSR20)
     d56      d56        0     1                 .L0 
     d56      d56        0     1                 .L0 
     d56      d56        0     1                 $x
     d56      d56        0     1                 .L0 
     d56      d56        4     1                 INT_IELSR20
     d5a      d5a        0     1                 .L0 
     d5a      d5a        4     2         ./src/smc_gen/general/r_cg_inthandler.o:(.text.INT_IELSR21)
     d5a      d5a        0     1                 .L0 
     d5a      d5a        0     1                 .L0 
     d5a      d5a        0     1                 $x
     d5a      d5a        0     1                 .L0 
     d5a      d5a        4     1                 INT_IELSR21
     d5e      d5e        0     1                 .L0 
     d5e      d5e        4     2         ./src/smc_gen/general/r_cg_inthandler.o:(.text.INT_IELSR22)
     d5e      d5e        0     1                 .L0 
     d5e      d5e        0     1                 .L0 
     d5e      d5e        0     1                 $x
     d5e      d5e        0     1                 .L0 
     d5e      d5e        4     1                 INT_IELSR22
     d62      d62        0     1                 .L0 
     d62      d62        4     2         ./src/smc_gen/general/r_cg_inthandler.o:(.text.INT_IELSR23)
     d62      d62        0     1                 .L0 
     d62      d62        0     1                 .L0 
     d62      d62        0     1                 $x
     d62      d62        0     1                 .L0 
     d62      d62        4     1                 INT_IELSR23
     d66      d66        0     1                 .L0 
     d66      d66        4     2         ./src/smc_gen/general/r_cg_inthandler.o:(.text.INT_IELSR24)
     d66      d66        0     1                 .L0 
     d66      d66        0     1                 .L0 
     d66      d66        0     1                 $x
     d66      d66        0     1                 .L0 
     d66      d66        4     1                 INT_IELSR24
     d6a      d6a        0     1                 .L0 
     d6a      d6a        4     2         ./src/smc_gen/general/r_cg_inthandler.o:(.text.INT_IELSR25)
     d6a      d6a        0     1                 .L0 
     d6a      d6a        0     1                 .L0 
     d6a      d6a        0     1                 $x
     d6a      d6a        0     1                 .L0 
     d6a      d6a        4     1                 INT_IELSR25
     d6e      d6e        0     1                 .L0 
     d6e      d6e        4     2         ./src/smc_gen/general/r_cg_inthandler.o:(.text.INT_IELSR26)
     d6e      d6e        0     1                 .L0 
     d6e      d6e        0     1                 .L0 
     d6e      d6e        0     1                 $x
     d6e      d6e        0     1                 .L0 
     d6e      d6e        4     1                 INT_IELSR26
     d72      d72        0     1                 .L0 
     d72      d72        4     2         ./src/smc_gen/general/r_cg_inthandler.o:(.text.INT_IELSR27)
     d72      d72        0     1                 .L0 
     d72      d72        0     1                 .L0 
     d72      d72        0     1                 $x
     d72      d72        0     1                 .L0 
     d72      d72        4     1                 INT_IELSR27
     d76      d76        0     1                 .L0 
     d76      d76        4     2         ./src/smc_gen/general/r_cg_inthandler.o:(.text.INT_IELSR28)
     d76      d76        0     1                 .L0 
     d76      d76        0     1                 .L0 
     d76      d76        0     1                 $x
     d76      d76        0     1                 .L0 
     d76      d76        4     1                 INT_IELSR28
     d7a      d7a        0     1                 .L0 
     d7a      d7a        4     2         ./src/smc_gen/general/r_cg_inthandler.o:(.text.INT_IELSR29)
     d7a      d7a        0     1                 .L0 
     d7a      d7a        0     1                 .L0 
     d7a      d7a        0     1                 $x
     d7a      d7a        0     1                 .L0 
     d7a      d7a        4     1                 INT_IELSR29
     d7e      d7e        0     1                 .L0 
     d7e      d7e        4     2         ./src/smc_gen/general/r_cg_inthandler.o:(.text.INT_IELSR30)
     d7e      d7e        0     1                 .L0 
     d7e      d7e        0     1                 .L0 
     d7e      d7e        0     1                 $x
     d7e      d7e        0     1                 .L0 
     d7e      d7e        4     1                 INT_IELSR30
     d82      d82        0     1                 .L0 
     d82      d82        4     2         ./src/smc_gen/general/r_cg_inthandler.o:(.text.INT_IELSR31)
     d82      d82        0     1                 .L0 
     d82      d82        0     1                 .L0 
     d82      d82        0     1                 $x
     d82      d82        0     1                 .L0 
     d82      d82        4     1                 INT_IELSR31
     d86      d86        0     1                 .L0 
     d86      d86        4     2         ./src/smc_gen/general/r_cg_inthandler.o:(.text.INT_DUMMY)
     d86      d86        0     1                 .L0 
     d86      d86        0     1                 .L0 
     d86      d86        0     1                 $x
     d86      d86        0     1                 .L0 
     d86      d86        4     1                 INT_DUMMY
     d8a      d8a        0     1                 .L0 
     d8a      d8a       1c     2         ./src/smc_gen/general/r_cg_systeminit.o:(.text.R_Systeminit)
     d8a      d8a        0     1                 .L0 
     d8a      d8a        0     1                 .L0 
     d8a      d8a        0     1                 $x
     d8a      d8a        0     1                 .L0 
     d8a      d8a       1c     1                 R_Systeminit
     d8e      d8e        0     1                 .L0 
     d90      d90        0     1                 .L0 
     d94      d94        0     1                 .L0 
     d98      d98        0     1                 .L0 
     d98      d98        0     1                 .L0 
     d9a      d9a        0     1                 .L0 
     d9a      d9a        0     1                 .L0 
     d9c      d9c        0     1                 .L0 
     d9c      d9c        0     1                 .L0 
     d9e      d9e        0     1                 .L0 
     d9e      d9e        0     1                 .L0 
     da2      da2        0     1                 .L0 
     da4      da4        0     1                 .L0 
     da6      da6        0     1                 .L0 
     da6      da6        0     1                 .L0 
     da6      da6        2     2         ./src/smc_gen/general/r_cg_vect_table.o:(.text.nvect_function)
     da6      da6        2     1                 nvect_function
     da6      da6        0     1                 .L0 
     da6      da6        0     1                 .L0 
     da6      da6        0     1                 $x
     da6      da6        0     1                 .L0 
     da8      da8        0     1                 .L0 
     da8      da8       22     2         ./src/smc_gen/general/r_cg_vect_table.o:(.text.initialize_vect)
     da8      da8        0     1                 .L0 
     da8      da8        0     1                 .L0 
     da8      da8        0     1                 $x
     da8      da8        0     1                 .L0 
     da8      da8       22     1                 initialize_vect
     db8      db8        0     1                 .L0 
     dbc      dbc        0     1                 .L0 
     dc0      dc0        0     1                 .L0 
     dc4      dc4        0     1                 .L0 
     dc8      dc8        0     1                 .L0 
     dca      dca        0     1                 .L0 
     dca      dca        0     1                 .L0 
     dca      dca        2     2         ./src/smc_gen/general/r_cg_vect_table.o:(.text.nmi_handler)
     dca      dca        2     1                 nmi_handler
     dca      dca        0     1                 .L0 
     dca      dca        0     1                 .L0 
     dca      dca        0     1                 $x
     dca      dca        0     1                 .L0 
     dcc      dcc        0     1                 .L0 
     dcc      dcc        2     2         ./src/smc_gen/general/r_smc_cgc.o:(.text.R_CGC_Create)
     dcc      dcc        0     1                 .L0 
     dcc      dcc        0     1                 .L0 
     dcc      dcc        0     1                 $x
     dcc      dcc        0     1                 .L0 
     dcc      dcc        2     1                 R_CGC_Create
     dce      dce        0     1                 .L0 
     dce      dce        0     1                 .L0 
     dce      dce        2     2         ./src/smc_gen/general/r_smc_cgc_user.o:(.text.R_CGC_Create_UserInit)
     dce      dce        0     1                 .L0 
     dce      dce        0     1                 .L0 
     dce      dce        0     1                 $x
     dce      dce        0     1                 .L0 
     dce      dce        2     1                 R_CGC_Create_UserInit
     dd0      dd0        0     1                 .L0 
     dd0      dd0       4a     2         ./src/smc_gen/Config_PORT/Config_PORT.o:(.text.R_Config_PORT_Create)
     dd0      dd0        0     1                 .L0 
     dd0      dd0        0     1                 .L0 
     dd0      dd0        0     1                 $x
     dd0      dd0        0     1                 .L0 
     dd0      dd0       4a     1                 R_Config_PORT_Create
     dd6      dd6        0     1                 .L0 
     dda      dda        0     1                 .L0 
     dde      dde        0     1                 .L0 
     de2      de2        0     1                 .L0 
     de6      de6        0     1                 .L0 
     dea      dea        0     1                 .L0 
     dee      dee        0     1                 .L0 
     df2      df2        0     1                 .L0 
     df6      df6        0     1                 .L0 
     dfa      dfa        0     1                 .L0 
     dfe      dfe        0     1                 .L0 
     e02      e02        0     1                 .L0 
     e08      e08        0     1                 .L0 
     e10      e10        0     1                 .L0 
     e14      e14        0     1                 .L0 
     e18      e18        0     1                 .L0 
     e18      e18        0     1                 .L0 
     e1a      e1a        0     1                 .L0 
     e1a      e1a        0     1                 .L0 
     e1a      e1a        2     2         ./src/smc_gen/Config_PORT/Config_PORT_user.o:(.text.R_Config_PORT_Create_UserInit)
     e1a      e1a        0     1                 .L0 
     e1a      e1a        0     1                 .L0 
     e1a      e1a        0     1                 $x
     e1a      e1a        0     1                 .L0 
     e1a      e1a        2     1                 R_Config_PORT_Create_UserInit
     e1c      e1c        0     1                 .L0 
     e1c      e1c       70     2         ./src/smc_gen/Config_ICU/Config_ICU.o:(.text.R_Config_ICU_Create)
     e1c      e1c        0     1                 .L0 
     e1c      e1c        0     1                 .L0 
     e1c      e1c        0     1                 $x
     e1c      e1c        0     1                 .L0 
     e1c      e1c       70     1                 R_Config_ICU_Create
     e20      e20        0     1                 .L0 
     e30      e30        0     1                 .L0 
     e40      e40        0     1                 .L0 
     e4c      e4c        0     1                 .L0 
     e56      e56        0     1                 .L0 
     e62      e62        0     1                 .L0 
     e68      e68        0     1                 .L0 
     e70      e70        0     1                 .L0 
     e74      e74        0     1                 .L0 
     e7e      e7e        0     1                 .L0 
     e8a      e8a        0     1                 .L0 
     e8a      e8a        0     1                 .L0 
     e8c      e8c        0     1                 .L0 
     e8c      e8c        0     1                 .L0 
     e8c      e8c       22     2         ./src/smc_gen/Config_ICU/Config_ICU.o:(.text.R_Config_ICU_IRQ4_Start)
     e8c      e8c        0     1                 .L0 
     e8c      e8c        0     1                 .L0 
     e8c      e8c        0     1                 $x
     e8c      e8c        0     1                 .L0 
     e8c      e8c       22     1                 R_Config_ICU_IRQ4_Start
     e90      e90        0     1                 .L0 
     ea0      ea0        0     1                 .L0 
     eac      eac        0     1                 .L0 
     eae      eae        0     1                 .L0 
     eae      eae        2     2         ./src/smc_gen/Config_ICU/Config_ICU_user.o:(.text.R_Config_ICU_Create_UserInit)
     eae      eae        0     1                 .L0 
     eae      eae        0     1                 .L0 
     eae      eae        0     1                 $x
     eae      eae        0     1                 .L0 
     eae      eae        2     1                 R_Config_ICU_Create_UserInit
     eb0      eb0        0     1                 .L0 
     eb0      eb0       54     2         ./src/smc_gen/Config_ICU/Config_ICU_user.o:(.text.r_Config_ICU_irq4_interrupt)
     eb0      eb0        0     1                 .L0 
     eb0      eb0        0     1                 .L0 
     eb0      eb0        0     1                 $x
     eb0      eb0        0     1                 .L0 
     eb0      eb0       54     1                 r_Config_ICU_irq4_interrupt
     ebc      ebc        0     1                 .L0 
     ed0      ed0        0     1                 .L0 
     ed4      ed4        0     1                 .L0 
     ed8      ed8        0     1                 .L0 
     ed8      ed8        0     1                 .L0 
     edc      edc        0     1                 .L0 
     ee0      ee0        0     1                 .L0 
     ee8      ee8        0     1                 .L0 
     efe      efe        0     1                 .L0 
     f04      f04        0     1                 .L0 
     f04      f04        0     1                 .L0 
     f04      f04      160     2         ./src/heap_4.o:(.text.pvPortMalloc)
     f04      f04        0     1                 .L0 
     f04      f04        0     1                 .L0 
     f04      f04        0     1                 $x
     f04      f04        0     1                 .L0 
     f04      f04      160     1                 pvPortMalloc
     f0c      f0c        0     1                 .L0 
     f16      f16        0     1                 .L0 
     f16      f16        0     1                 .L0 
     f1a      f1a        0     1                 .L0 
     f1e      f1e        0     1                 .L0 
     f20      f20        0     1                 .L0 
     f20      f20        0     1                 .L0 
     f22      f22        0     1                 .L0 
     f22      f22        0     1                 .L0 
     f26      f26        0     1                 .L0 
     f26      f26        0     1                 .L0 
     f26      f26        0     1                 .L0 
     f28      f28        0     1                 .L0 
     f28      f28        0     1                 .L0 
     f28      f28        0     1                 .L0 
     f2c      f2c        0     1                 .L0 
     f2c      f2c        0     1                 .L0 
     f34      f34        0     1                 .L0 
     f36      f36        0     1                 .L0 
     f3e      f3e        0     1                 .L0 
     f3e      f3e        0     1                 .L0 
     f3e      f3e        0     1                 .L0 
     f46      f46        0     1                 .L0 
     f4c      f4c        0     1                 .L0 
     f4e      f4e        0     1                 .L0 
     f54      f54        0     1                 .L0 
     f54      f54        0     1                 .L0 
     f54      f54        0     1                 .L0 
     f60      f60        0     1                 .L0 
     f66      f66        0     1                 .L0 
     f68      f68        0     1                 .L0 
     f6a      f6a        0     1                 .L0 
     f6e      f6e        0     1                 .L0 
     f6e      f6e        0     1                 .L0 
     f76      f76        0     1                 .L0 
     f7a      f7a        0     1                 .L0 
     f7a      f7a        0     1                 .L0 
     f7e      f7e        0     1                 .L0 
     f82      f82        0     1                 .L0 
     f84      f84        0     1                 .L0 
     f84      f84        0     1                 .L0 
     f86      f86        0     1                 .L0 
     f88      f88        0     1                 .L0 
     f8c      f8c        0     1                 .L0 
     f90      f90        0     1                 .L0 
     f9a      f9a        0     1                 .L0 
     f9a      f9a        0     1                 .L0 
     f9e      f9e        0     1                 .L0 
     f9e      f9e        0     1                 .L0 
     fa6      fa6        0     1                 .L0 
     faa      faa        0     1                 .L0 
     fb2      fb2        0     1                 .L0 
     fb2      fb2        0     1                 .L0 
     fb4      fb4        0     1                 .L0 
     fb8      fb8        0     1                 .L0 
     fba      fba        0     1                 .L0 
     fbc      fbc        0     1                 .L0 
     fbc      fbc        0     1                 .L0 
     fc0      fc0        0     1                 .L0 
     fc0      fc0        0     1                 .L0 
     fc2      fc2        0     1                 .L0 
     fc6      fc6        0     1                 .L0 
     fc8      fc8        0     1                 .L0 
     fcc      fcc        0     1                 .L0 
     fcc      fcc        0     1                 .L0 
     fcc      fcc        0     1                 .L0 
     fce      fce        0     1                 .L0 
     fd2      fd2        0     1                 .L0 
     fd2      fd2        0     1                 .L0 
     fd4      fd4        0     1                 .L0 
     fd4      fd4        0     1                 .L0 
     fd8      fd8        0     1                 .L0 
     fdc      fdc        0     1                 .L0 
     fdc      fdc        0     1                 .L0 
     fdc      fdc        0     1                 .L0 
     fe4      fe4        0     1                 .L0 
     fe8      fe8        0     1                 .L0 
     fea      fea        0     1                 .L0 
     fec      fec        0     1                 .L0 
     fec      fec        0     1                 .L0 
     fee      fee        0     1                 .L0 
     ff0      ff0        0     1                 .L0 
     ff6      ff6        0     1                 .L0 
     ffa      ffa        0     1                 .L0 
     ffe      ffe        0     1                 .L0 
     ffe      ffe        0     1                 .L0 
    1000     1000        0     1                 .L0 
    1002     1002        0     1                 .L0 
    1004     1004        0     1                 .L0 
    1006     1006        0     1                 .L0 
    1008     1008        0     1                 .L0 
    1008     1008        0     1                 .L0 
    1008     1008        0     1                 .L0 
    100a     100a        0     1                 .L0 
    1012     1012        0     1                 .L0 
    1016     1016        0     1                 .L0 
    101a     101a        0     1                 .L0 
    1022     1022        0     1                 .L0 
    1026     1026        0     1                 .L0 
    102a     102a        0     1                 .L0 
    102a     102a        0     1                 .L0 
    102c     102c        0     1                 .L0 
    102c     102c        0     1                 .L0 
    1030     1030        0     1                 .L0 
    1038     1038        0     1                 .L0 
    103a     103a        0     1                 .L0 
    103a     103a        0     1                 .L0 
    103e     103e        0     1                 .L0 
    1040     1040        0     1                 .L0 
    1046     1046        0     1                 .L0 
    1046     1046        0     1                 .L0 
    1046     1046        0     1                 .L0 
    104a     104a        0     1                 .L0 
    104a     104a        0     1                 .L0 
    104c     104c        0     1                 .L0 
    104c     104c        0     1                 .L0 
    104e     104e        0     1                 .L0 
    104e     104e        0     1                 .L0 
    104e     104e        0     1                 .L0 
    1054     1054        0     1                 .L0 
    1054     1054        0     1                 .L0 
    1056     1056        0     1                 .L0 
    1056     1056        0     1                 .L0 
    105a     105a        0     1                 .L0 
    105a     105a        0     1                 .L0 
    105a     105a        0     1                 .L0 
    105c     105c        0     1                 .L0 
    105c     105c        0     1                 .L0 
    1060     1060        0     1                 .L0 
    1060     1060        0     1                 .L0 
    1064     1064        0     1                 .L0 
    1064     1064        0     1                 .L0 
    1064     1064       b0     2         ./src/heap_4.o:(.text.vPortFree)
    1064     1064        0     1                 .L0 
    1064     1064        0     1                 .L0 
    1064     1064        0     1                 $x
    1064     1064        0     1                 .L0 
    1064     1064       b0     1                 vPortFree
    106c     106c        0     1                 .L0 
    106e     106e        0     1                 .L0 
    106e     106e        0     1                 .L0 
    1072     1072        0     1                 .L0 
    1076     1076        0     1                 .L0 
    107a     107a        0     1                 .L0 
    107a     107a        0     1                 .L0 
    107c     107c        0     1                 .L0 
    107e     107e        0     1                 .L0 
    107e     107e        0     1                 .L0 
    107e     107e        0     1                 .L0 
    1084     1084        0     1                 .L0 
    1088     1088        0     1                 .L0 
    1088     1088        0     1                 .L0 
    1088     1088        0     1                 .L0 
    1092     1092        0     1                 .L0 
    1092     1092        0     1                 .L0 
    1096     1096        0     1                 .L0 
    1096     1096        0     1                 .L0 
    1098     1098        0     1                 .L0 
    109c     109c        0     1                 .L0 
    10b2     10b2        0     1                 .L0 
    10b2     10b2        0     1                 .L0 
    10b2     10b2        0     1                 .L0 
    10b4     10b4        0     1                 .L0 
    10b4     10b4        0     1                 .L0 
    10b6     10b6        0     1                 .L0 
    10ba     10ba        0     1                 .L0 
    10ba     10ba        0     1                 .L0 
    10bc     10bc        0     1                 .L0 
    10c0     10c0        0     1                 .L0 
    10c4     10c4        0     1                 .L0 
    10c8     10c8        0     1                 .L0 
    10cc     10cc        0     1                 .L0 
    10cc     10cc        0     1                 .L0 
    10ce     10ce        0     1                 .L0 
    10ce     10ce        0     1                 .L0 
    10ce     10ce        0     1                 .L0 
    10d0     10d0        0     1                 .L0 
    10d2     10d2        0     1                 .L0 
    10d6     10d6        0     1                 .L0 
    10da     10da        0     1                 .L0 
    10dc     10dc        0     1                 .L0 
    10de     10de        0     1                 .L0 
    10de     10de        0     1                 .L0 
    10e6     10e6        0     1                 .L0 
    10ea     10ea        0     1                 .L0 
    10ec     10ec        0     1                 .L0 
    10f0     10f0        0     1                 .L0 
    10f2     10f2        0     1                 .L0 
    10f4     10f4        0     1                 .L0 
    10f4     10f4        0     1                 .L0 
    10f6     10f6        0     1                 .L0 
    10fa     10fa        0     1                 .L0 
    10fc     10fc        0     1                 .L0 
    10fc     10fc        0     1                 .L0 
    10fc     10fc        0     1                 .L0 
    1110     1110        0     1                 .L0 
    1110     1110        0     1                 .L0 
    1112     1112        0     1                 .L0 
    1114     1114        0     1                 .L0 
    1114     1114        0     1                 .L0 
    1114     1114       14     2         ./src/list.o:(.text.vListInitialise)
    1114     1114        0     1                 .L0 
    1114     1114        0     1                 .L0 
    1114     1114        0     1                 $x
    1114     1114        0     1                 .L0 
    1114     1114       14     1                 vListInitialise
    1118     1118        0     1                 .L0 
    111c     111c        0     1                 .L0 
    111e     111e        0     1                 .L0 
    1120     1120        0     1                 .L0 
    1122     1122        0     1                 .L0 
    1126     1126        0     1                 .L0 
    1128     1128        0     1                 .L0 
    1128     1128        6     2         ./src/list.o:(.text.vListInitialiseItem)
    1128     1128        0     1                 .L0 
    1128     1128        0     1                 .L0 
    1128     1128        0     1                 $x
    1128     1128        0     1                 .L0 
    1128     1128        6     1                 vListInitialiseItem
    112c     112c        0     1                 .L0 
    112e     112e        0     1                 .L0 
    112e     112e       2e     2         ./src/list.o:(.text.vListInsert)
    112e     112e        0     1                 .L0 
    112e     112e        0     1                 .L0 
    112e     112e        0     1                 $x
    112e     112e        0     1                 .L0 
    112e     112e       2e     1                 vListInsert
    1130     1130        0     1                 .L0 
    1132     1132        0     1                 .L0 
    1136     1136        0     1                 .L0 
    113a     113a        0     1                 .L0 
    113a     113a        0     1                 .L0 
    113c     113c        0     1                 .L0 
    113c     113c        0     1                 .L0 
    113e     113e        0     1                 .L0 
    1140     1140        0     1                 .L0 
    1146     1146        0     1                 .L0 
    1146     1146        0     1                 .L0 
    1146     1146        0     1                 .L0 
    1148     1148        0     1                 .L0 
    1148     1148        0     1                 .L0 
    1148     1148        0     1                 .L0 
    114a     114a        0     1                 .L0 
    114a     114a        0     1                 .L0 
    114c     114c        0     1                 .L0 
    114e     114e        0     1                 .L0 
    1150     1150        0     1                 .L0 
    1152     1152        0     1                 .L0 
    1154     1154        0     1                 .L0 
    1156     1156        0     1                 .L0 
    1156     1156        0     1                 .L0 
    1158     1158        0     1                 .L0 
    115a     115a        0     1                 .L0 
    115c     115c        0     1                 .L0 
    115c     115c        0     1                 .L0 
    115c     115c       24     2         ./src/list.o:(.text.uxListRemove)
    115c     115c        0     1                 .L0 
    115c     115c        0     1                 .L0 
    115c     115c        0     1                 $x
    115c     115c        0     1                 .L0 
    115c     115c       24     1                 uxListRemove
    115e     115e        0     1                 .L0 
    1160     1160        0     1                 .L0 
    1162     1162        0     1                 .L0 
    1164     1164        0     1                 .L0 
    1166     1166        0     1                 .L0 
    1168     1168        0     1                 .L0 
    116a     116a        0     1                 .L0 
    116c     116c        0     1                 .L0 
    1170     1170        0     1                 .L0 
    1172     1172        0     1                 .L0 
    1174     1174        0     1                 .L0 
    1174     1174        0     1                 .L0 
    1178     1178        0     1                 .L0 
    117a     117a        0     1                 .L0 
    117a     117a        0     1                 .L0 
    117c     117c        0     1                 .L0 
    117e     117e        0     1                 .L0 
    1180     1180        0     1                 .L0 
    1180     1180        0     1                 .L0 
    1180     1180        6     2         ./src/main.o:(.text.vApplicationMallocFailedHook)
    1180     1180        0     1                 .L0 
    1180     1180        0     1                 .L0 
    1180     1180        0     1                 $x
    1180     1180        0     1                 .L0 
    1180     1180        6     1                 vApplicationMallocFailedHook
    1184     1184        0     1                 .L0 
    1184     1184        0     1                 .L0 
    1186     1186        0     1                 .L0 
    1186     1186        0     1                 .L0 
    1186     1186       58     2         ./src/main.o:(.text.main)
    1186     1186        0     1                 .L0 
    1186     1186        0     1                 .L0 
    1186     1186        0     1                 $x
    1186     1186        0     1                 .L0 
    1186     1186       58     1                 main
    118e     118e        0     1                 .L0 
    1194     1194        0     1                 .L0 
    119c     119c        0     1                 .L0 
    11a4     11a4        0     1                 .L0 
    11a4     11a4        0     1                 .L0 
    11a6     11a6        0     1                 .L0 
    11a6     11a6        0     1                 .L0 
    11ae     11ae        0     1                 .L0 
    11ae     11ae        0     1                 .L0 
    11b6     11b6        0     1                 .L0 
    11d8     11d8        0     1                 .L0 
    11d8     11d8        0     1                 .L0 
    11dc     11dc        0     1                 .L0 
    11dc     11dc        0     1                 .L0 
    11dc     11dc        0     1                 .L0 
    11de     11de        0     1                 .L0 
    11de     11de        0     1                 .L0 
    11de     11de       26     2         ./src/main.o:(.text.prvBlinkyTask)
    11de     11de       26     1                 prvBlinkyTask
    11de     11de        0     1                 .L0 
    11de     11de        0     1                 .L0 
    11de     11de        0     1                 $x
    11de     11de        0     1                 .L0 
    11e8     11e8        0     1                 .L0 
    11e8     11e8        0     1                 .L0 
    11ea     11ea        0     1                 .L0 
    11fc     11fc        0     1                 .L0 
    1202     1202        0     1                 .L0 
    1202     1202        0     1                 .L0 
    1204     1204        0     1                 .L0 
    1204     1204        0     1                 .L0 
    1204     1204       66     2         ./src/port.o:(.text.vPortSetupTimerInterrupt)
    1204     1204        0     1                 .L0 
    1204     1204        0     1                 .L0 
    1204     1204        0     1                 $x
    1204     1204        0     1                 .L0 
    1204     1204       66     1                 vPortSetupTimerInterrupt
    1206     1206        0     1                 .L0 
    120c     120c        0     1                 .L0 
    1216     1216        0     1                 .L0 
    121c     121c        0     1                 .L0 
    1224     1224        0     1                 .L0 
    1224     1224        0     1                 .L0 
    1226     1226        0     1                 .L0 
    1226     1226        0     1                 .L0 
    1228     1228        0     1                 .L0 
    1228     1228        0     1                 .L0 
    122a     122a        0     1                 .L0 
    122e     122e        0     1                 .L0 
    1234     1234        0     1                 .L0 
    123c     123c        0     1                 .L0 
    123e     123e        0     1                 .L0 
    124a     124a        0     1                 .L0 
    124e     124e        0     1                 .L0 
    1266     1266        0     1                 .L0 
    126a     126a        0     1                 .L0 
    126a     126a        0     1                 .L0 
    126a     126a       1a     2         ./src/port.o:(.text.xPortStartScheduler)
    126a     126a        0     1                 .L0 
    126a     126a        0     1                 .L0 
    126a     126a        0     1                 $x
    126a     126a        0     1                 .L0 
    126a     126a       1a     1                 xPortStartScheduler
    126e     126e        0     1                 .L0 
    1270     1270        0     1                 .L0 
    1270     1270        0     1                 .L0 
    1274     1274        0     1                 .L0 
    1278     1278        0     1                 .L0 
    127c     127c        0     1                 .L0 
    127c     127c        0     1                 .L0 
    1280     1280        0     1                 .L0 
    1284     1284        0     1                 .L0 
    1284     1284        0     1                 .L0 
    1284     1284       aa     2         ./src/queue.o:(.text.xQueueGenericCreate)
    1284     1284        0     1                 .L0 
    1284     1284        0     1                 .L0 
    1284     1284        0     1                 $x
    1284     1284        0     1                 .L0 
    1284     1284       aa     1                 xQueueGenericCreate
    1286     1286        0     1                 .L0 
    128a     128a        0     1                 .L0 
    128a     128a        0     1                 .L0 
    128c     128c        0     1                 .L0 
    1294     1294        0     1                 .L0 
    129a     129a        0     1                 .L0 
    12a2     12a2        0     1                 .L0 
    12a2     12a2        0     1                 .L0 
    12a4     12a4        0     1                 .L0 
    12a6     12a6        0     1                 .L0 
    12a6     12a6        0     1                 .L0 
    12aa     12aa        0     1                 .L0 
    12ac     12ac        0     1                 .L0 
    12ac     12ac        0     1                 .L0 
    12ae     12ae        0     1                 .L0 
    12ae     12ae        0     1                 .L0 
    12ba     12ba        0     1                 .L0 
    12bc     12bc        0     1                 .L0 
    12be     12be        0     1                 .L0 
    12c0     12c0        0     1                 .L0 
    12c0     12c0        0     1                 .L0 
    12d2     12d2        0     1                 .L0 
    12d4     12d4        0     1                 .L0 
    12d6     12d6        0     1                 .L0 
    12d8     12d8        0     1                 .L0 
    12dc     12dc        0     1                 .L0 
    12de     12de        0     1                 .L0 
    12e0     12e0        0     1                 .L0 
    12e4     12e4        0     1                 .L0 
    12e6     12e6        0     1                 .L0 
    12e8     12e8        0     1                 .L0 
    12ec     12ec        0     1                 .L0 
    12ee     12ee        0     1                 .L0 
    12f2     12f2        0     1                 .L0 
    12f6     12f6        0     1                 .L0 
    12fa     12fa        0     1                 .L0 
    1300     1300        0     1                 .L0 
    1300     1300        0     1                 .L0 
    1304     1304        0     1                 .L0 
    1304     1304        0     1                 .L0 
    1306     1306        0     1                 .L0 
    1306     1306        0     1                 .L0 
    130a     130a        0     1                 .L0 
    130c     130c        0     1                 .L0 
    130c     130c        0     1                 .L0 
    1318     1318        0     1                 .L0 
    131c     131c        0     1                 .L0 
    131c     131c        0     1                 .L0 
    131c     131c        0     1                 .L0 
    131e     131e        0     1                 .L0 
    131e     131e        0     1                 .L0 
    1328     1328        0     1                 .L0 
    1328     1328        0     1                 .L0 
    132a     132a        0     1                 .L0 
    132a     132a        0     1                 .L0 
    132a     132a        0     1                 .L0 
    132c     132c        0     1                 .L0 
    132c     132c        0     1                 .L0 
    132c     132c        0     1                 .L0 
    132e     132e        0     1                 .L0 
    132e     132e        0     1                 .L0 
    132e     132e       c8     2         ./src/queue.o:(.text.prvUnlockQueue)
    132e     132e       c8     1                 prvUnlockQueue
    132e     132e        0     1                 .L0 
    132e     132e        0     1                 .L0 
    132e     132e        0     1                 $x
    132e     132e        0     1                 .L0 
    133c     133c        0     1                 .L0 
    134a     134a        0     1                 .L0 
    1350     1350        0     1                 .L0 
    1350     1350        0     1                 .L0 
    1354     1354        0     1                 .L0 
    1358     1358        0     1                 .L0 
    1360     1360        0     1                 .L0 
    1360     1360        0     1                 .L0 
    1360     1360        0     1                 .L0 
    1366     1366        0     1                 .L0 
    136a     136a        0     1                 .L0 
    136a     136a        0     1                 .L0 
    136c     136c        0     1                 .L0 
    136e     136e        0     1                 .L0 
    1374     1374        0     1                 .L0 
    1374     1374        0     1                 .L0 
    1376     1376        0     1                 .L0 
    137a     137a        0     1                 .L0 
    137a     137a        0     1                 .L0 
    137c     137c        0     1                 .L0 
    137c     137c        0     1                 .L0 
    137e     137e        0     1                 .L0 
    1382     1382        0     1                 .L0 
    1382     1382        0     1                 .L0 
    138e     138e        0     1                 .L0 
[...]
__stack                                           /home/user0/e2_studio/workspace/freertos_port/generate/linker_script.ld:194
                                                  ./src/smc_gen/r_bsp/mcu/all/start.o
initialize_vect                                   ./src/smc_gen/general/r_cg_vect_table.o
                                                  ./src/smc_gen/r_bsp/mcu/all/start.o
bsp_init_system                                   ./src/smc_gen/r_bsp/board/generic_r9a02g021/r_bsp_init.o
                                                  ./src/smc_gen/r_bsp/mcu/all/start.o
__bss                                             /home/user0/e2_studio/workspace/freertos_port/generate/linker_script.ld:167
                                                  ./src/smc_gen/r_bsp/mcu/all/start.o
__ebss                                            /home/user0/e2_studio/workspace/freertos_port/generate/linker_script.ld:176
                                                  ./src/smc_gen/r_bsp/mcu/all/start.o
memset                                            /home/user0/e2_studio/workspace/freertos_port/HardwareDebug/libfreertos_port.a(libc_a-memset.o)
                                                  ./src/smc_gen/r_bsp/mcu/all/start.o
                                                  ./src/heap_4.o
                                                  ./src/tasks.o
                                                  /home/user0/e2_studio/workspace/freertos_port/HardwareDebug/libfreertos_port.a(libc_a-findfp.o)
__datastart                                       /home/user0/e2_studio/workspace/freertos_port/generate/linker_script.ld:135
                                                  ./src/smc_gen/r_bsp/mcu/all/start.o
__romdatastart                                    /home/user0/e2_studio/workspace/freertos_port/generate/linker_script.ld:145
                                                  ./src/smc_gen/r_bsp/mcu/all/start.o
__romdatacopysize                                 /home/user0/e2_studio/workspace/freertos_port/generate/linker_script.ld:146
                                                  ./src/smc_gen/r_bsp/mcu/all/start.o
memcpy                                            /home/user0/e2_studio/workspace/freertos_port/HardwareDebug/libfreertos_port.a(libc_a-memcpy.o)
                                                  ./src/smc_gen/r_bsp/mcu/all/start.o
                                                  ./src/queue.o
__dataeccramstart                                 /home/user0/e2_studio/workspace/freertos_port/generate/linker_script.ld:152
                                                  ./src/smc_gen/r_bsp/mcu/all/start.o
__romdataeccramstart                              /home/user0/e2_studio/workspace/freertos_port/generate/linker_script.ld:160
                                                  ./src/smc_gen/r_bsp/mcu/all/start.o
__romdataeccramcopysize                           /home/user0/e2_studio/workspace/freertos_port/generate/linker_script.ld:161
                                                  ./src/smc_gen/r_bsp/mcu/all/start.o
bsp_init_hardware                                 ./src/smc_gen/r_bsp/board/generic_r9a02g021/r_bsp_init.o
                                                  ./src/smc_gen/r_bsp/mcu/all/start.o
__libc_init_array                                 /home/user0/e2_studio/workspace/freertos_port/HardwareDebug/libfreertos_port.a(libc_a-init.o)
                                                  ./src/smc_gen/r_bsp/mcu/all/start.o
main                                              ./src/main.o
                                                  ./src/smc_gen/r_bsp/mcu/all/start.o
exit                                              /home/user0/e2_studio/workspace/freertos_port/HardwareDebug/libfreertos_port.a(libc_a-exit.o)
                                                  ./src/smc_gen/r_bsp/mcu/all/start.o
hdwinit                                           ./src/smc_gen/r_bsp/board/generic_r9a02g021/hdwinit.o
                                                  ./src/smc_gen/r_bsp/board/generic_r9a02g021/r_bsp_init.o
R_Systeminit                                      ./src/smc_gen/general/r_cg_systeminit.o
                                                  ./src/smc_gen/r_bsp/board/generic_r9a02g021/hdwinit.o
INT_ACLINT_MSIP                                   ./src/smc_gen/general/r_cg_inthandler.o
                                                  ./src/smc_gen/general/r_cg_vect_table.o
INT_ACLINT_MTIP                                   ./src/smc_gen/general/r_cg_inthandler.o
                                                  ./src/smc_gen/general/r_cg_vect_table.o
INT_IELSR0                                        ./src/smc_gen/general/r_cg_inthandler.o
                                                  ./src/smc_gen/general/r_cg_vect_table.o
INT_IELSR1                                        ./src/smc_gen/general/r_cg_inthandler.o
                                                  ./src/smc_gen/general/r_cg_vect_table.o
INT_IELSR2                                        ./src/smc_gen/general/r_cg_inthandler.o
                                                  ./src/smc_gen/general/r_cg_vect_table.o
INT_IELSR3                                        ./src/smc_gen/general/r_cg_inthandler.o
                                                  ./src/smc_gen/general/r_cg_vect_table.o
INT_IELSR5                                        ./src/smc_gen/general/r_cg_inthandler.o
                                                  ./src/smc_gen/general/r_cg_vect_table.o
INT_IELSR6                                        ./src/smc_gen/general/r_cg_inthandler.o
                                                  ./src/smc_gen/general/r_cg_vect_table.o
INT_IELSR7                                        ./src/smc_gen/general/r_cg_inthandler.o
                                                  ./src/smc_gen/general/r_cg_vect_table.o
INT_IELSR8                                        ./src/smc_gen/general/r_cg_inthandler.o
                                                  ./src/smc_gen/general/r_cg_vect_table.o
INT_IELSR9                                        ./src/smc_gen/general/r_cg_inthandler.o
                                                  ./src/smc_gen/general/r_cg_vect_table.o
INT_IELSR10                                       ./src/smc_gen/general/r_cg_inthandler.o
                                                  ./src/smc_gen/general/r_cg_vect_table.o
INT_IELSR11                                       ./src/smc_gen/general/r_cg_inthandler.o
                                                  ./src/smc_gen/general/r_cg_vect_table.o
INT_IELSR12                                       ./src/smc_gen/general/r_cg_inthandler.o
                                                  ./src/smc_gen/general/r_cg_vect_table.o
INT_IELSR13                                       ./src/smc_gen/general/r_cg_inthandler.o
                                                  ./src/smc_gen/general/r_cg_vect_table.o
INT_IELSR14                                       ./src/smc_gen/general/r_cg_inthandler.o
                                                  ./src/smc_gen/general/r_cg_vect_table.o
INT_IELSR15                                       ./src/smc_gen/general/r_cg_inthandler.o
                                                  ./src/smc_gen/general/r_cg_vect_table.o
INT_IELSR16                                       ./src/smc_gen/general/r_cg_inthandler.o
                                                  ./src/smc_gen/general/r_cg_vect_table.o
INT_IELSR17                                       ./src/smc_gen/general/r_cg_inthandler.o
                                                  ./src/smc_gen/general/r_cg_vect_table.o
INT_IELSR18                                       ./src/smc_gen/general/r_cg_inthandler.o
                                                  ./src/smc_gen/general/r_cg_vect_table.o
INT_IELSR19                                       ./src/smc_gen/general/r_cg_inthandler.o
                                                  ./src/smc_gen/general/r_cg_vect_table.o
INT_IELSR20                                       ./src/smc_gen/general/r_cg_inthandler.o
                                                  ./src/smc_gen/general/r_cg_vect_table.o
INT_IELSR21                                       ./src/smc_gen/general/r_cg_inthandler.o
                                                  ./src/smc_gen/general/r_cg_vect_table.o
INT_IELSR22                                       ./src/smc_gen/general/r_cg_inthandler.o
                                                  ./src/smc_gen/general/r_cg_vect_table.o
INT_IELSR23                                       ./src/smc_gen/general/r_cg_inthandler.o
                                                  ./src/smc_gen/general/r_cg_vect_table.o
INT_IELSR24                                       ./src/smc_gen/general/r_cg_inthandler.o
                                                  ./src/smc_gen/general/r_cg_vect_table.o
INT_IELSR25                                       ./src/smc_gen/general/r_cg_inthandler.o
                                                  ./src/smc_gen/general/r_cg_vect_table.o
INT_IELSR26                                       ./src/smc_gen/general/r_cg_inthandler.o
                                                  ./src/smc_gen/general/r_cg_vect_table.o
INT_IELSR27                                       ./src/smc_gen/general/r_cg_inthandler.o
                                                  ./src/smc_gen/general/r_cg_vect_table.o
INT_IELSR28                                       ./src/smc_gen/general/r_cg_inthandler.o
                                                  ./src/smc_gen/general/r_cg_vect_table.o
INT_IELSR29                                       ./src/smc_gen/general/r_cg_inthandler.o
                                                  ./src/smc_gen/general/r_cg_vect_table.o
INT_IELSR30                                       ./src/smc_gen/general/r_cg_inthandler.o
                                                  ./src/smc_gen/general/r_cg_vect_table.o
INT_IELSR31                                       ./src/smc_gen/general/r_cg_inthandler.o
                                                  ./src/smc_gen/general/r_cg_vect_table.o
INT_DUMMY                                         ./src/smc_gen/general/r_cg_inthandler.o
                                                  ./src/smc_gen/general/r_cg_vect_table.o
R_CGC_Create                                      ./src/smc_gen/general/r_smc_cgc.o
                                                  ./src/smc_gen/general/r_cg_systeminit.o
R_Config_PORT_Create                              ./src/smc_gen/Config_PORT/Config_PORT.o
                                                  ./src/smc_gen/general/r_cg_systeminit.o
R_Config_ICU_Create                               ./src/smc_gen/Config_ICU/Config_ICU.o
                                                  ./src/smc_gen/general/r_cg_systeminit.o
gp_Vectors                                        ./src/smc_gen/general/r_cg_vect_table.o
r_Config_ICU_irq4_interrupt                       ./src/smc_gen/Config_ICU/Config_ICU_user.o
                                                  ./src/smc_gen/general/r_cg_vect_table.o
gp_ExceptVectors                                  ./src/smc_gen/general/r_cg_vect_table.o
R_CGC_Create_UserInit                             ./src/smc_gen/general/r_smc_cgc_user.o
                                                  ./src/smc_gen/general/r_smc_cgc.o
R_Config_PORT_Create_UserInit                     ./src/smc_gen/Config_PORT/Config_PORT_user.o
                                                  ./src/smc_gen/Config_PORT/Config_PORT.o
R_Config_ICU_Create_UserInit                      ./src/smc_gen/Config_ICU/Config_ICU_user.o
                                                  ./src/smc_gen/Config_ICU/Config_ICU.o
R_Config_ICU_IRQ4_Start                           ./src/smc_gen/Config_ICU/Config_ICU.o
                                                  ./src/main.o
blinkDelay                                        ./src/smc_gen/Config_ICU/Config_ICU_user.o
pvPortMalloc                                      ./src/heap_4.o
                                                  ./src/queue.o
                                                  ./src/tasks.o
                                                  ./src/timers.o
vTaskSuspendAll                                   ./src/tasks.o
                                                  ./src/heap_4.o
                                                  ./src/queue.o
                                                  ./src/timers.o
xTaskResumeAll                                    ./src/tasks.o
                                                  ./src/heap_4.o
                                                  ./src/queue.o
                                                  ./src/timers.o
vApplicationMallocFailedHook                      ./src/main.o
                                                  ./src/heap_4.o
vPortFree                                         ./src/heap_4.o
                                                  ./src/queue.o
                                                  ./src/tasks.o
                                                  ./src/timers.o
xCriticalNesting                                  ./src/port.o
                                                  ./src/heap_4.o
                                                  ./src/portASM.o
                                                  ./src/queue.o
                                                  ./src/tasks.o
                                                  ./src/timers.o
vListInitialise                                   ./src/list.o
                                                  ./src/queue.o
                                                  ./src/tasks.o
                                                  ./src/timers.o
vListInitialiseItem                               ./src/list.o
                                                  ./src/tasks.o
                                                  ./src/timers.o
vListInsert                                       ./src/list.o
                                                  ./src/tasks.o
                                                  ./src/timers.o
uxListRemove                                      ./src/list.o
                                                  ./src/tasks.o
                                                  ./src/timers.o
xQueueGenericCreate                               ./src/queue.o
                                                  ./src/main.o
                                                  ./src/timers.o
xTaskCreate                                       ./src/tasks.o
                                                  ./src/main.o
                                                  ./src/timers.o
vTaskStartScheduler                               ./src/tasks.o
                                                  ./src/main.o
vTaskDelay                                        ./src/tasks.o
                                                  ./src/main.o
vPortSetupTimerInterrupt                          ./src/port.o
pullMachineTimerCompareRegister                   ./src/port.o
                                                  ./src/portASM.o
ullNextTime                                       ./src/port.o
xPortStartScheduler                               ./src/port.o
                                                  ./src/tasks.o
xPortStartFirstTask                               ./src/portASM.o
                                                  ./src/port.o
pullNextTime                                      ./src/port.o
                                                  ./src/portASM.o
pxCriticalNesting                                 ./src/port.o
                                                  ./src/portASM.o
xTaskReturnAddress                                ./src/port.o
                                                  ./src/portASM.o
pxPortInitialiseStack                             ./src/portASM.o
                                                  ./src/tasks.o
freertos_risc_v_application_exception_handler     ./src/portASM.o
freertos_risc_v_application_interrupt_handler     ./src/portASM.o
pxCurrentTCB                                      ./src/tasks.o
                                                  ./src/portASM.o
xTaskIncrementTick                                ./src/tasks.o
                                                  ./src/portASM.o
xTaskRemoveFromEventList                          ./src/tasks.o
                                                  ./src/queue.o
vTaskInternalSetTimeOutState                      ./src/tasks.o
                                                  ./src/queue.o
xTaskCheckForTimeOut                              ./src/tasks.o
                                                  ./src/queue.o
vTaskPlaceOnEventList                             ./src/tasks.o
                                                  ./src/queue.o
vTaskMissedYield                                  ./src/tasks.o
                                                  ./src/queue.o
xQueueReceive                                     ./src/queue.o
                                                  ./src/timers.o
vQueueWaitForMessageRestricted                    ./src/queue.o
                                                  ./src/timers.o
vTaskPlaceOnEventListRestricted                   ./src/tasks.o
                                                  ./src/queue.o
xTimerCreateTimerTask                             ./src/timers.o
                                                  ./src/tasks.o
xTaskGetTickCount                                 ./src/tasks.o
                                                  ./src/timers.o
__call_exitprocs                                  /home/user0/e2_studio/workspace/freertos_port/HardwareDebug/libfreertos_port.a(libc_a-__call_atexit.o)
                                                  /home/user0/e2_studio/workspace/freertos_port/HardwareDebug/libfreertos_port.a(libc_a-exit.o)
__stdio_exit_handler                              /home/user0/e2_studio/workspace/freertos_port/HardwareDebug/libfreertos_port.a(libc_a-findfp.o)
                                                  /home/user0/e2_studio/workspace/freertos_port/HardwareDebug/libfreertos_port.a(libc_a-exit.o)
__atexit                                          /home/user0/e2_studio/workspace/freertos_port/HardwareDebug/libfreertos_port.a(libc_a-__call_atexit.o)
__preinit_array_start                             /home/user0/e2_studio/workspace/freertos_port/generate/linker_script.ld:78
                                                  /home/user0/e2_studio/workspace/freertos_port/HardwareDebug/libfreertos_port.a(libc_a-init.o)
__preinit_array_end                               /home/user0/e2_studio/workspace/freertos_port/generate/linker_script.ld:80
                                                  /home/user0/e2_studio/workspace/freertos_port/HardwareDebug/libfreertos_port.a(libc_a-init.o)
__init_array_start                                /home/user0/e2_studio/workspace/freertos_port/generate/linker_script.ld:81
                                                  /home/user0/e2_studio/workspace/freertos_port/HardwareDebug/libfreertos_port.a(libc_a-init.o)
__init_array_end                                  /home/user0/e2_studio/workspace/freertos_port/generate/linker_script.ld:84
                                                  /home/user0/e2_studio/workspace/freertos_port/HardwareDebug/libfreertos_port.a(libc_a-init.o)
end                                               /home/user0/e2_studio/workspace/freertos_port/generate/linker_script.ld:177
                                                  /home/user0/custom_installed/e2_studio/toolchains/llvm-19.1.7.202501-riscv-elf/llvm-for-renesas-riscv/bin/../lib/clang-runtimes/riscv32-unknown-elf/rv32imaczba_zbb_zbs/ilp32/lib/libnosys.a(sbrk.o)
